Archive member included because of file (symbol)

C:\Users\Ryan\Desktop\Test Space\lpc17xx.cmsis.driver.library\Debug\liblpc17xx.cmsis.driver.library.a(lpc17xx_gpio.o)
                              ./Source/Helper_Functions/init_interfaces.o (GPIO_SetDir)
C:\Users\Ryan\Desktop\Test Space\lpc17xx.cmsis.driver.library\Debug\liblpc17xx.cmsis.driver.library.a(lpc17xx_i2c.o)
                              ./Source/Helper_Functions/init_interfaces.o (I2C_Init)
C:\Users\Ryan\Desktop\Test Space\lpc17xx.cmsis.driver.library\Debug\liblpc17xx.cmsis.driver.library.a(lpc17xx_pinsel.o)
                              ./Source/Helper_Functions/init_interfaces.o (PINSEL_ConfigPin)
C:\Users\Ryan\Desktop\Test Space\lpc17xx.cmsis.driver.library\Debug\liblpc17xx.cmsis.driver.library.a(lpc17xx_ssp.o)
                              ./Source/Helper_Functions/init_interfaces.o (SSP_Init)
C:\Users\Ryan\Desktop\Test Space\lpc17xx.cmsis.driver.library\Debug\liblpc17xx.cmsis.driver.library.a(lpc17xx_uart.o)
                              ./Source/Helper_Functions/init_interfaces.o (UART_Init)
C:\Users\Ryan\Desktop\Test Space\lpc17xx.cmsis.driver.library\Debug\liblpc17xx.cmsis.driver.library.a(lpc17xx_clkpwr.o)
                              C:\Users\Ryan\Desktop\Test Space\lpc17xx.cmsis.driver.library\Debug\liblpc17xx.cmsis.driver.library.a(lpc17xx_i2c.o) (CLKPWR_SetPCLKDiv)
C:\Users\Ryan\Desktop\Test Space\Lib_EaBaseBoard\Debug\libLib_EaBaseBoard.a(acc.o)
                              ./Source/Helper_Functions/init_interfaces.o (acc_init)
C:\Users\Ryan\Desktop\Test Space\Lib_EaBaseBoard\Debug\libLib_EaBaseBoard.a(joystick.o)
                              ./Source/Helper_Functions/init_interfaces.o (joystick_init)
C:\Users\Ryan\Desktop\Test Space\Lib_EaBaseBoard\Debug\libLib_EaBaseBoard.a(led7seg.o)
                              ./Source/Helper_Functions/init_interfaces.o (led7seg_init)
C:\Users\Ryan\Desktop\Test Space\Lib_EaBaseBoard\Debug\libLib_EaBaseBoard.a(light.o)
                              ./Source/Helper_Functions/init_interfaces.o (light_enable)
C:\Users\Ryan\Desktop\Test Space\Lib_EaBaseBoard\Debug\libLib_EaBaseBoard.a(oled.o)
                              ./Source/Helper_Functions/init_interfaces.o (oled_init)
C:\Users\Ryan\Desktop\Test Space\Lib_EaBaseBoard\Debug\libLib_EaBaseBoard.a(pca9532.o)
                              ./Source/Helper_Functions/init_interfaces.o (pca9532_init)
C:\Users\Ryan\Desktop\Test Space\Lib_EaBaseBoard\Debug\libLib_EaBaseBoard.a(font5x7.o)
                              C:\Users\Ryan\Desktop\Test Space\Lib_EaBaseBoard\Debug\libLib_EaBaseBoard.a(oled.o) (font5x7)
C:\Users\Ryan\Desktop\Test Space\CMSISv2p00_LPC17xx\Debug\libCMSISv2p00_LPC17xx.a(system_LPC17xx.o)
                              ./Source/cr_startup_lpc176x.o (SystemInit)
c:/nxp/lpcxpresso_6.1.4_194/lpcxpresso/tools/bin/../lib/gcc/arm-none-eabi/4.6.2/../../../../arm-none-eabi/lib/armv7-m\libcr_nohost.a(_cr__main.o)
                              ./Source/cr_startup_lpc176x.o (__main)
c:/nxp/lpcxpresso_6.1.4_194/lpcxpresso/tools/bin/../lib/gcc/arm-none-eabi/4.6.2/../../../../arm-none-eabi/lib/armv7-m\libcr_c.a(memcpy.o)
                              ./Source/FreeRTOS-Products/FreeRTOS/queue.o (memcpy)
c:/nxp/lpcxpresso_6.1.4_194/lpcxpresso/tools/bin/../lib/gcc/arm-none-eabi/4.6.2/../../../../arm-none-eabi/lib/armv7-m\libcr_c.a(memset.o)
                              ./Source/FreeRTOS-Products/FreeRTOS/tasks.o (memset)
c:/nxp/lpcxpresso_6.1.4_194/lpcxpresso/tools/bin/../lib/gcc/arm-none-eabi/4.6.2/../../../../arm-none-eabi/lib/armv7-m\libcr_c.a(fpprintf.o)
                              ./Source/Helper_Functions/create_tasks.o (sprintf)
c:/nxp/lpcxpresso_6.1.4_194/lpcxpresso/tools/bin/../lib/gcc/arm-none-eabi/4.6.2/../../../../arm-none-eabi/lib/armv7-m\libcr_c.a(initio.o)
                              c:/nxp/lpcxpresso_6.1.4_194/lpcxpresso/tools/bin/../lib/gcc/arm-none-eabi/4.6.2/../../../../arm-none-eabi/lib/armv7-m\libcr_nohost.a(_cr__main.o) (_initio)
c:/nxp/lpcxpresso_6.1.4_194/lpcxpresso/tools/bin/../lib/gcc/arm-none-eabi/4.6.2/../../../../arm-none-eabi/lib/armv7-m\libcr_c.a(memcmp.o)
                              ./Source/FreeRTOS-Products/FreeRTOS/tasks.o (memcmp)
c:/nxp/lpcxpresso_6.1.4_194/lpcxpresso/tools/bin/../lib/gcc/arm-none-eabi/4.6.2/../../../../arm-none-eabi/lib/armv7-m\libcr_c.a(printf.o)
                              c:/nxp/lpcxpresso_6.1.4_194/lpcxpresso/tools/bin/../lib/gcc/arm-none-eabi/4.6.2/../../../../arm-none-eabi/lib/armv7-m\libcr_c.a(fpprintf.o) (__vfprintf)
c:/nxp/lpcxpresso_6.1.4_194/lpcxpresso/tools/bin/../lib/gcc/arm-none-eabi/4.6.2/../../../../arm-none-eabi/lib/armv7-m\libcr_c.a(setvbuf.o)
                              c:/nxp/lpcxpresso_6.1.4_194/lpcxpresso/tools/bin/../lib/gcc/arm-none-eabi/4.6.2/../../../../arm-none-eabi/lib/armv7-m\libcr_c.a(initio.o) (setvbuf)
c:/nxp/lpcxpresso_6.1.4_194/lpcxpresso/tools/bin/../lib/gcc/arm-none-eabi/4.6.2/../../../../arm-none-eabi/lib/armv7-m\libcr_c.a(stdio.o)
[...]
Memory Configuration

Name             Origin             Length             Attributes
MFlash512        0x00000000         0x00080000         xr
RamLoc32         0x10000000         0x00008000         xrw
RamAHB32         0x2007c000         0x00008000         xrw
*default*        0x00000000         0xffffffff

Linker script and memory map

LOAD ./Source/Helper_Functions/create_tasks.o
LOAD ./Source/Helper_Functions/init_interfaces.o
LOAD ./Source/Helper_Functions/launch_tasks.o
LOAD ./Source/Helper_Functions/my_rgb.o
LOAD ./Source/Helper_Functions/my_uart.o
LOAD ./Source/Helper_Functions/oled_helpers.o
LOAD ./Source/Helper_Functions/return_tasks.o
LOAD ./Source/Helper_Functions/stationary_tasks.o
LOAD ./Source/FreeRTOS-Products/FreeRTOS/portable/MemMang/heap_2.o
LOAD ./Source/FreeRTOS-Products/FreeRTOS/portable/GCC/ARM_CM3/port.o
LOAD ./Source/FreeRTOS-Products/FreeRTOS/croutine.o
LOAD ./Source/FreeRTOS-Products/FreeRTOS/list.o
LOAD ./Source/FreeRTOS-Products/FreeRTOS/queue.o
LOAD ./Source/FreeRTOS-Products/FreeRTOS/tasks.o
LOAD ./Source/FreeRTOS-Products/FreeRTOS/timers.o
LOAD ./Source/cr_startup_lpc176x.o
LOAD ./Source/main.o
LOAD C:\Users\Ryan\Desktop\Test Space\lpc17xx.cmsis.driver.library\Debug\liblpc17xx.cmsis.driver.library.a
LOAD C:\Users\Ryan\Desktop\Test Space\Lib_EaBaseBoard\Debug\libLib_EaBaseBoard.a
LOAD C:\Users\Ryan\Desktop\Test Space\CMSISv2p00_LPC17xx\Debug\libCMSISv2p00_LPC17xx.a
START GROUP
LOAD c:/nxp/lpcxpresso_6.1.4_194/lpcxpresso/tools/bin/../lib/gcc/arm-none-eabi/4.6.2/../../../../arm-none-eabi/lib/armv7-m\libcr_nohost.a
LOAD c:/nxp/lpcxpresso_6.1.4_194/lpcxpresso/tools/bin/../lib/gcc/arm-none-eabi/4.6.2/../../../../arm-none-eabi/lib/armv7-m\libcr_c.a
LOAD c:/nxp/lpcxpresso_6.1.4_194/lpcxpresso/tools/bin/../lib/gcc/arm-none-eabi/4.6.2/armv7-m\libcr_eabihelpers.a
END GROUP
                0x00080000                __top_MFlash512 = 0x80000
                0x10008000                __top_RamLoc32 = 0x10008000
                0x20084000                __top_RamAHB32 = 0x20084000

.text           0x00000000     0xb640
 FILL mask 0xff
                0x00000000                __vectors_start__ = ABSOLUTE (.)
 *(.isr_vector)
 .isr_vector    0x00000000       0xcc ./Source/cr_startup_lpc176x.o
                0x00000000                g_pfnVectors
                0x000000cc                . = ALIGN (0x4)
                0x000000cc                __section_table_start = .
                0x000000cc                __data_section_table = .
                0x000000cc        0x4 LONG 0xb640 LOADADDR (.data)
                0x000000d0        0x4 LONG 0x10000000 ADDR (.data)
                0x000000d4        0x4 LONG 0xac SIZEOF (.data)
                0x000000d8        0x4 LONG 0xb640 LOADADDR (.data_RAM2)
                0x000000dc        0x4 LONG 0x2007c000 ADDR (.data_RAM2)
                0x000000e0        0x4 LONG 0x0 SIZEOF (.data_RAM2)
                0x000000e4                __data_section_table_end = .
                0x000000e4                __bss_section_table = .
                0x000000e4        0x4 LONG 0x100000b0 ADDR (.bss)
                0x000000e8        0x4 LONG 0x4564 SIZEOF (.bss)
                0x000000ec        0x4 LONG 0x2007c000 ADDR (.bss_RAM2)
                0x000000f0        0x4 LONG 0x0 SIZEOF (.bss_RAM2)
                0x000000f4                __bss_section_table_end = .
                0x000000f4                __section_table_end = .
 *(.after_vectors*)
 .after_vectors
                0x000000f4       0x94 ./Source/cr_startup_lpc176x.o
                0x000000f4                NMI_Handler
                0x000000f6                HardFault_Handler
                0x00000112                MemManage_Handler
                0x00000114                BusFault_Handler
                0x00000116                UsageFault_Handler
                0x0000011a                DebugMon_Handler
                0x00000120                data_init
                0x00000132                bss_init
                0x00000142                ResetISR
                0x00000184                EINT2_IRQHandler
                0x00000184                UART1_IRQHandler
                0x00000184                CANActivity_IRQHandler
                0x00000184                TIMER3_IRQHandler
                0x00000184                UART0_IRQHandler
                0x00000184                I2C1_IRQHandler
                0x00000184                PWM1_IRQHandler
                0x00000184                IntDefaultHandler
                0x00000184                PLL0_IRQHandler
                0x00000184                CAN_IRQHandler
                0x00000184                USBActivity_IRQHandler
                0x00000184                SSP0_IRQHandler
                0x00000184                I2S_IRQHandler
                0x00000184                I2C2_IRQHandler
                0x00000184                RTC_IRQHandler
                0x00000184                TIMER0_IRQHandler
                0x00000184                SPI_IRQHandler
                0x00000184                I2C0_IRQHandler
                0x00000184                EINT1_IRQHandler
                0x00000184                TIMER1_IRQHandler
                0x00000184                UART2_IRQHandler
                0x00000184                ADC_IRQHandler
                0x00000184                SSP1_IRQHandler
                0x00000184                USB_IRQHandler
                0x00000184                BOD_IRQHandler
                0x00000184                RIT_IRQHandler
                0x00000184                WDT_IRQHandler
                0x00000184                QEI_IRQHandler
                0x00000184                PLL1_IRQHandler
                0x00000184                DMA_IRQHandler
                0x00000184                TIMER2_IRQHandler
                0x00000184                MCPWM_IRQHandler
                0x00000184                ENET_IRQHandler
 *(.text*)
 .text.create_all_tasks
                0x00000188      0x3fc ./Source/Helper_Functions/create_tasks.o
                0x00000188                create_all_tasks
 .text.joystick_task
                0x00000584       0xcc ./Source/Helper_Functions/create_tasks.o
                0x00000584                joystick_task
 .text.send_NUSCloud
                0x00000650       0xf8 ./Source/Helper_Functions/create_tasks.o
                0x00000650                send_NUSCloud
 .text.NVIC_EnableIRQ
                0x00000748       0x38 ./Source/Helper_Functions/init_interfaces.o
 .text.setup_interfaces
                0x00000780       0x48 ./Source/Helper_Functions/init_interfaces.o
                0x00000780                setup_interfaces
 .text.I2CWrite
                0x000007c8       0x5c ./Source/Helper_Functions/init_interfaces.o
 .text.setup_acc
                0x00000824       0x7c ./Source/Helper_Functions/init_interfaces.o
                0x00000824                setup_acc
 .text.init_ssp
                0x000008a0       0x98 ./Source/Helper_Functions/init_interfaces.o
                0x000008a0                init_ssp
 .text.init_i2c
                0x00000938       0x5c ./Source/Helper_Functions/init_interfaces.o
                0x00000938                init_i2c
 .text.init_GPIO
                0x00000994       0x6c ./Source/Helper_Functions/init_interfaces.o
                0x00000994                init_GPIO
 .text.joystick_interrupt_init
                0x00000a00       0xc8 ./Source/Helper_Functions/init_interfaces.o
                0x00000a00                joystick_interrupt_init
 .text.pinsel_uart3
                0x00000ac8       0x38 ./Source/Helper_Functions/init_interfaces.o
                0x00000ac8                pinsel_uart3
 .text.init_uart
                0x00000b00       0xa4 ./Source/Helper_Functions/init_interfaces.o
                0x00000b00                init_uart
 .text.UART_ISR_Receive
                0x00000ba4      0x1ac ./Source/Helper_Functions/init_interfaces.o
                0x00000ba4                UART_ISR_Receive
 .text.enter_launch
                0x00000d50      0x12c ./Source/Helper_Functions/launch_tasks.o
                0x00000d50                enter_launch
 .text.temp_warning_launch
                0x00000e7c       0x94 ./Source/Helper_Functions/launch_tasks.o
                0x00000e7c                temp_warning_launch
 .text.accel_warning
                0x00000f10       0x94 ./Source/Helper_Functions/launch_tasks.o
                0x00000f10                accel_warning
 .text.blink_blue
                0x00000fa4       0x48 ./Source/Helper_Functions/launch_tasks.o
                0x00000fa4                blink_blue
 .text.clear_warnings
                0x00000fec       0x94 ./Source/Helper_Functions/launch_tasks.o
                0x00000fec                clear_warnings
 .text.blink_blue_and_red
                0x00001080       0x50 ./Source/Helper_Functions/launch_tasks.o
                0x00001080                blink_blue_and_red
 .text.switch_to_return
                0x000010d0       0x78 ./Source/Helper_Functions/launch_tasks.o
                0x000010d0                switch_to_return
 .text.launch_mode_monitoring
                0x00001148      0x3c0 ./Source/Helper_Functions/launch_tasks.o
                0x00001148                launch_mode_monitoring
 .text.myRGB_init
                0x00001508       0x7c ./Source/Helper_Functions/my_rgb.o
                0x00001508                myRGB_init
 .text.RGB_RED_ON
                0x00001584       0x14 ./Source/Helper_Functions/my_rgb.o
                0x00001584                RGB_RED_ON
 .text.RGB_RED_OFF
                0x00001598       0x14 ./Source/Helper_Functions/my_rgb.o
                0x00001598                RGB_RED_OFF
 .text.RGB_BLUE_ON
                0x000015ac       0x14 ./Source/Helper_Functions/my_rgb.o
                0x000015ac                RGB_BLUE_ON
 .text.RGB_BLUE_OFF
                0x000015c0       0x14 ./Source/Helper_Functions/my_rgb.o
                0x000015c0                RGB_BLUE_OFF
 .text.getUartNum
                0x000015d4       0x54 ./Source/Helper_Functions/my_uart.o
                0x000015d4                getUartNum
 .text.UART_GenIntHandler
                0x00001628      0x1c8 ./Source/Helper_Functions/my_uart.o
                0x00001628                UART_GenIntHandler
 .text.UART_SendString
                0x000017f0       0x2c ./Source/Helper_Functions/my_uart.o
                0x000017f0                UART_SendString
 .text.UART_SetupCbs
                0x0000181c       0xb4 ./Source/Helper_Functions/my_uart.o
                0x0000181c                UART_SetupCbs
 .text.UART3_StdIntHandler
                0x000018d0       0x14 ./Source/Helper_Functions/my_uart.o
                0x000018d0                UART3_StdIntHandler
 .text.printLineOled
                0x000018e4       0x38 ./Source/Helper_Functions/oled_helpers.o
                0x000018e4                printLineOled
 .text.clearLineOled
                0x0000191c       0x40 ./Source/Helper_Functions/oled_helpers.o
                0x0000191c                clearLineOled
 .text.enter_return
                0x0000195c      0x124 ./Source/Helper_Functions/return_tasks.o
                0x0000195c                enter_return
 .text.light_sensor
                0x00001a80      0x144 ./Source/Helper_Functions/return_tasks.o
                0x00001a80                light_sensor
 .text.switch_to_stationary
                0x00001bc4       0x84 ./Source/Helper_Functions/return_tasks.o
                0x00001bc4                switch_to_stationary
 .text.encodeLEDArray
                0x00001c48       0x50 ./Source/Helper_Functions/return_tasks.o
                0x00001c48                encodeLEDArray
 .text.enter_stationary
                0x00001c98       0xdc ./Source/Helper_Functions/stationary_tasks.o
                0x00001c98                enter_stationary
 .text.temperature_stationary
                0x00001d74      0x1c4 ./Source/Helper_Functions/stationary_tasks.o
                0x00001d74                temperature_stationary
 .text.countdown
                0x00001f38      0x1e8 ./Source/Helper_Functions/stationary_tasks.o
                0x00001f38                countdown
 .text.temp_warning_stationary
                0x00002120       0x68 ./Source/Helper_Functions/stationary_tasks.o
                0x00002120                temp_warning_stationary
 .text.begin_countdown
                0x00002188       0x88 ./Source/Helper_Functions/stationary_tasks.o
                0x00002188                begin_countdown
 .text.blink_red
                0x00002210       0x48 ./Source/Helper_Functions/stationary_tasks.o
                0x00002210                blink_red
 .text.pvPortMalloc
                0x00002258      0x1bc ./Source/FreeRTOS-Products/FreeRTOS/portable/MemMang/heap_2.o
                0x00002258                pvPortMalloc
 .text.vPortFree
                0x00002414       0x88 ./Source/FreeRTOS-Products/FreeRTOS/portable/MemMang/heap_2.o
                0x00002414                vPortFree
 .text.pxPortInitialiseStack
                0x0000249c       0x60 ./Source/FreeRTOS-Products/FreeRTOS/portable/GCC/ARM_CM3/port.o
                0x0000249c                pxPortInitialiseStack
 .text.SVCall_Handler
                0x000024fc       0x20 ./Source/FreeRTOS-Products/FreeRTOS/portable/GCC/ARM_CM3/port.o
                0x000024fc                SVCall_Handler
 .text.prvPortStartFirstTask
                0x0000251c       0x14 ./Source/FreeRTOS-Products/FreeRTOS/portable/GCC/ARM_CM3/port.o
 .text.xPortStartScheduler
                0x00002530       0x54 ./Source/FreeRTOS-Products/FreeRTOS/portable/GCC/ARM_CM3/port.o
                0x00002530                xPortStartScheduler
 .text.vPortYieldFromISR
                0x00002584       0x18 ./Source/FreeRTOS-Products/FreeRTOS/portable/GCC/ARM_CM3/port.o
                0x00002584                vPortYieldFromISR
 .text.vPortEnterCritical
                0x0000259c       0x24 ./Source/FreeRTOS-Products/FreeRTOS/portable/GCC/ARM_CM3/port.o
                0x0000259c                vPortEnterCritical
 .text.vPortExitCritical
                0x000025c0       0x34 ./Source/FreeRTOS-Products/FreeRTOS/portable/GCC/ARM_CM3/port.o
                0x000025c0                vPortExitCritical
 .text.ulPortSetInterruptMask
                0x000025f4       0x14 ./Source/FreeRTOS-Products/FreeRTOS/portable/GCC/ARM_CM3/port.o
                0x000025f4                ulPortSetInterruptMask
 .text.vPortClearInterruptMask
                0x00002608        0x8 ./Source/FreeRTOS-Products/FreeRTOS/portable/GCC/ARM_CM3/port.o
                0x00002608                vPortClearInterruptMask
 .text.PendSV_Handler
                0x00002610       0x3c ./Source/FreeRTOS-Products/FreeRTOS/portable/GCC/ARM_CM3/port.o
                0x00002610                PendSV_Handler
 .text.SysTick_Handler
                0x0000264c       0x18 ./Source/FreeRTOS-Products/FreeRTOS/portable/GCC/ARM_CM3/port.o
                0x0000264c                SysTick_Handler
 .text.vPortSetupTimerInterrupt
                0x00002664       0x40 ./Source/FreeRTOS-Products/FreeRTOS/portable/GCC/ARM_CM3/port.o
                0x00002664                vPortSetupTimerInterrupt
 .text.vListInitialise
                0x000026a4       0x40 ./Source/FreeRTOS-Products/FreeRTOS/list.o
                0x000026a4                vListInitialise
 .text.vListInitialiseItem
                0x000026e4       0x1c ./Source/FreeRTOS-Products/FreeRTOS/list.o
                0x000026e4                vListInitialiseItem
 .text.vListInsertEnd
                0x00002700       0x54 ./Source/FreeRTOS-Products/FreeRTOS/list.o
                0x00002700                vListInsertEnd
 .text.vListInsert
                0x00002754       0x78 ./Source/FreeRTOS-Products/FreeRTOS/list.o
                0x00002754                vListInsert
 .text.uxListRemove
                0x000027cc       0x58 ./Source/FreeRTOS-Products/FreeRTOS/list.o
                0x000027cc                uxListRemove
 .text.xQueueGenericReset
                0x00002824       0xbc ./Source/FreeRTOS-Products/FreeRTOS/queue.o
                0x00002824                xQueueGenericReset
 .text.xQueueGenericCreate
                0x000028e0       0x90 ./Source/FreeRTOS-Products/FreeRTOS/queue.o
                0x000028e0                xQueueGenericCreate
 .text.xQueueGenericSend
                0x00002970      0x150 ./Source/FreeRTOS-Products/FreeRTOS/queue.o
                0x00002970                xQueueGenericSend
 .text.xQueueGenericSendFromISR
                0x00002ac0       0xbc ./Source/FreeRTOS-Products/FreeRTOS/queue.o
                0x00002ac0                xQueueGenericSendFromISR
 .text.xQueueGenericReceive
                0x00002b7c      0x1b4 ./Source/FreeRTOS-Products/FreeRTOS/queue.o
                0x00002b7c                xQueueGenericReceive
 .text.prvCopyDataToQueue
                0x00002d30       0xc4 ./Source/FreeRTOS-Products/FreeRTOS/queue.o
 .text.prvCopyDataFromQueue
                0x00002df4       0x50 ./Source/FreeRTOS-Products/FreeRTOS/queue.o
 .text.prvUnlockQueue
                0x00002e44       0xa0 ./Source/FreeRTOS-Products/FreeRTOS/queue.o
 .text.prvIsQueueEmpty
                0x00002ee4       0x2c ./Source/FreeRTOS-Products/FreeRTOS/queue.o
 .text.prvIsQueueFull
                0x00002f10       0x30 ./Source/FreeRTOS-Products/FreeRTOS/queue.o
 .text.vQueueWaitForMessageRestricted
                0x00002f40       0x5c ./Source/FreeRTOS-Products/FreeRTOS/queue.o
                0x00002f40                vQueueWaitForMessageRestricted
 .text.xTaskGenericCreate
                0x00002f9c      0x1f4 ./Source/FreeRTOS-Products/FreeRTOS/tasks.o
                0x00002f9c                xTaskGenericCreate
 .text.vTaskDelayUntil
                0x00003190       0xcc ./Source/FreeRTOS-Products/FreeRTOS/tasks.o
                0x00003190                vTaskDelayUntil
 .text.vTaskSuspend
                0x0000325c       0xc0 ./Source/FreeRTOS-Products/FreeRTOS/tasks.o
                0x0000325c                vTaskSuspend
 .text.xTaskIsTaskSuspended
                0x0000331c       0x58 ./Source/FreeRTOS-Products/FreeRTOS/tasks.o
                0x0000331c                xTaskIsTaskSuspended
 .text.vTaskResume
                0x00003374       0xb8 ./Source/FreeRTOS-Products/FreeRTOS/tasks.o
                0x00003374                vTaskResume
 .text.xTaskResumeFromISR
                0x0000342c       0xd8 ./Source/FreeRTOS-Products/FreeRTOS/tasks.o
                0x0000342c                xTaskResumeFromISR
 .text.vTaskStartScheduler
                0x00003504       0x90 ./Source/FreeRTOS-Products/FreeRTOS/tasks.o
                0x00003504                vTaskStartScheduler
 .text.vTaskSuspendAll
                0x00003594       0x24 ./Source/FreeRTOS-Products/FreeRTOS/tasks.o
                0x00003594                vTaskSuspendAll
 .text.xTaskResumeAll
                0x000035b8      0x164 ./Source/FreeRTOS-Products/FreeRTOS/tasks.o
                0x000035b8                xTaskResumeAll
 .text.xTaskGetTickCount
                0x0000371c       0x28 ./Source/FreeRTOS-Products/FreeRTOS/tasks.o
                0x0000371c                xTaskGetTickCount
 .text.xTaskGetTickCountFromISR
                0x00003744       0x2c ./Source/FreeRTOS-Products/FreeRTOS/tasks.o
                0x00003744                xTaskGetTickCountFromISR
 .text.vTaskIncrementTick
                0x00003770      0x1cc ./Source/FreeRTOS-Products/FreeRTOS/tasks.o
                0x00003770                vTaskIncrementTick
 .text.vTaskSwitchContext
                0x0000393c      0x190 ./Source/FreeRTOS-Products/FreeRTOS/tasks.o
                0x0000393c                vTaskSwitchContext
 .text.vTaskPlaceOnEventList
                0x00003acc       0x84 ./Source/FreeRTOS-Products/FreeRTOS/tasks.o
                0x00003acc                vTaskPlaceOnEventList
 .text.vTaskPlaceOnEventListRestricted
                0x00003b50       0x60 ./Source/FreeRTOS-Products/FreeRTOS/tasks.o
                0x00003b50                vTaskPlaceOnEventListRestricted
 .text.xTaskRemoveFromEventList
                0x00003bb0       0xd0 ./Source/FreeRTOS-Products/FreeRTOS/tasks.o
                0x00003bb0                xTaskRemoveFromEventList
 .text.vTaskSetTimeOutState
                0x00003c80       0x38 ./Source/FreeRTOS-Products/FreeRTOS/tasks.o
                0x00003c80                vTaskSetTimeOutState
 .text.xTaskCheckForTimeOut
                0x00003cb8       0xbc ./Source/FreeRTOS-Products/FreeRTOS/tasks.o
                0x00003cb8                xTaskCheckForTimeOut
 .text.vTaskMissedYield
                0x00003d74       0x18 ./Source/FreeRTOS-Products/FreeRTOS/tasks.o
                0x00003d74                vTaskMissedYield
 .text.prvIdleTask
                0x00003d8c       0x14 ./Source/FreeRTOS-Products/FreeRTOS/tasks.o
 .text.prvInitialiseTCBVariables
                0x00003da0       0x80 ./Source/FreeRTOS-Products/FreeRTOS/tasks.o
 .text.prvInitialiseTaskLists
                0x00003e20       0xa4 ./Source/FreeRTOS-Products/FreeRTOS/tasks.o
 .text.prvCheckTasksWaitingTermination
                0x00003ec4       0x98 ./Source/FreeRTOS-Products/FreeRTOS/tasks.o
 .text.prvAddCurrentTaskToDelayedList
                0x00003f5c       0x8c ./Source/FreeRTOS-Products/FreeRTOS/tasks.o
 .text.prvAllocateTCBAndStack
                0x00003fe8       0x74 ./Source/FreeRTOS-Products/FreeRTOS/tasks.o
 .text.prvDeleteTCB
                0x0000405c       0x20 ./Source/FreeRTOS-Products/FreeRTOS/tasks.o
 .text.xTaskGetCurrentTaskHandle
                0x0000407c       0x20 ./Source/FreeRTOS-Products/FreeRTOS/tasks.o
                0x0000407c                xTaskGetCurrentTaskHandle
 .text.xTaskGetSchedulerState
                0x0000409c       0x48 ./Source/FreeRTOS-Products/FreeRTOS/tasks.o
                0x0000409c                xTaskGetSchedulerState
 .text.vTaskPriorityInherit
                0x000040e4       0xe0 ./Source/FreeRTOS-Products/FreeRTOS/tasks.o
                0x000040e4                vTaskPriorityInherit
 .text.vTaskPriorityDisinherit
                0x000041c4       0x90 ./Source/FreeRTOS-Products/FreeRTOS/tasks.o
                0x000041c4                vTaskPriorityDisinherit
 .text.xTimerCreateTimerTask
                0x00004254       0x70 ./Source/FreeRTOS-Products/FreeRTOS/timers.o
                0x00004254                xTimerCreateTimerTask
 .text.xTimerGenericCommand
                0x000042c4       0xb0 ./Source/FreeRTOS-Products/FreeRTOS/timers.o
                0x000042c4                xTimerGenericCommand
 .text.prvProcessExpiredTimer
                0x00004374       0x80 ./Source/FreeRTOS-Products/FreeRTOS/timers.o
 .text.prvTimerTask
                0x000043f4       0x28 ./Source/FreeRTOS-Products/FreeRTOS/timers.o
 .text.prvProcessTimerOrBlockTask
                0x0000441c       0x78 ./Source/FreeRTOS-Products/FreeRTOS/timers.o
 .text.prvGetNextExpireTime
                0x00004494       0x50 ./Source/FreeRTOS-Products/FreeRTOS/timers.o
 .text.prvSampleTimeNow
                0x000044e4       0x5c ./Source/FreeRTOS-Products/FreeRTOS/timers.o
 .text.prvInsertTimerInActiveList
                0x00004540       0x94 ./Source/FreeRTOS-Products/FreeRTOS/timers.o
 .text.prvProcessReceivedCommands
                0x000045d4      0x108 ./Source/FreeRTOS-Products/FreeRTOS/timers.o
 .text.prvSwitchTimerLists
                0x000046dc       0xe8 ./Source/FreeRTOS-Products/FreeRTOS/timers.o
 .text.prvCheckForValidListAndQueue
                0x000047c4       0x74 ./Source/FreeRTOS-Products/FreeRTOS/timers.o
 .text.pop_registers_from_fault_stack
                0x00004838       0x24 ./Source/cr_startup_lpc176x.o
                0x00004838                pop_registers_from_fault_stack
 .text.NVIC_SetPriorityGrouping
                0x0000485c       0x50 ./Source/main.o
 .text.NVIC_EnableIRQ
                0x000048ac       0x38 ./Source/main.o
 .text.NVIC_ClearPendingIRQ
                0x000048e4       0x3c ./Source/main.o
 .text.NVIC_SetPriority
                0x00004920       0x5c ./Source/main.o
 .text.SysTick_Config
                0x0000497c       0x64 ./Source/main.o
 .text.EINT3_IRQHandler
                0x000049e0      0x578 ./Source/main.o
                0x000049e0                EINT3_IRQHandler
 .text.EINT0_IRQHandler
                0x00004f58       0xd4 ./Source/main.o
                0x00004f58                EINT0_IRQHandler
 .text.UART3_IRQHandler
                0x0000502c        0xc ./Source/main.o
                0x0000502c                UART3_IRQHandler
 .text.main     0x00005038      0x14c ./Source/main.o
                0x00005038                main
 .text.check_failed
                0x00005184        0xc ./Source/main.o
                0x00005184                check_failed
 .text.vMainConfigureTimerForRunTimeStats
                0x00005190       0x30 ./Source/main.o
                0x00005190                vMainConfigureTimerForRunTimeStats
 .text.ulMainGetRunTimeCounterValue
                0x000051c0       0xa4 ./Source/main.o
                0x000051c0                ulMainGetRunTimeCounterValue
 .text.vApplicationStackOverflowHook
                0x00005264       0x10 ./Source/main.o
                0x00005264                vApplicationStackOverflowHook
 .text.vApplicationMallocFailedHook
                0x00005274        0xc ./Source/main.o
                0x00005274                vApplicationMallocFailedHook
 .text.GPIO_GetPointer
                0x00005280       0x7c C:\Users\Ryan\Desktop\Test Space\lpc17xx.cmsis.driver.library\Debug\liblpc17xx.cmsis.driver.library.a(lpc17xx_gpio.o)
 .text.GPIO_SetDir
                0x000052fc       0x5c C:\Users\Ryan\Desktop\Test Space\lpc17xx.cmsis.driver.library\Debug\liblpc17xx.cmsis.driver.library.a(lpc17xx_gpio.o)
                0x000052fc                GPIO_SetDir
 .text.GPIO_SetValue
                0x00005358       0x2c C:\Users\Ryan\Desktop\Test Space\lpc17xx.cmsis.driver.library\Debug\liblpc17xx.cmsis.driver.library.a(lpc17xx_gpio.o)
                0x00005358                GPIO_SetValue
 .text.GPIO_ClearValue
                0x00005384       0x2c C:\Users\Ryan\Desktop\Test Space\lpc17xx.cmsis.driver.library\Debug\liblpc17xx.cmsis.driver.library.a(lpc17xx_gpio.o)
                0x00005384                GPIO_ClearValue
 .text.GPIO_ReadValue
                0x000053b0       0x30 C:\Users\Ryan\Desktop\Test Space\lpc17xx.cmsis.driver.library\Debug\liblpc17xx.cmsis.driver.library.a(lpc17xx_gpio.o)
                0x000053b0                GPIO_ReadValue
 .text.NVIC_EnableIRQ
                0x000053e0       0x38 C:\Users\Ryan\Desktop\Test Space\lpc17xx.cmsis.driver.library\Debug\liblpc17xx.cmsis.driver.library.a(lpc17xx_i2c.o)
 .text.NVIC_DisableIRQ
                0x00005418       0x3c C:\Users\Ryan\Desktop\Test Space\lpc17xx.cmsis.driver.library\Debug\liblpc17xx.cmsis.driver.library.a(lpc17xx_i2c.o)
 .text.I2C_getNum
                0x00005454       0x54 C:\Users\Ryan\Desktop\Test Space\lpc17xx.cmsis.driver.library\Debug\liblpc17xx.cmsis.driver.library.a(lpc17xx_i2c.o)
 .text.I2C_Start
                0x000054a8       0x44 C:\Users\Ryan\Desktop\Test Space\lpc17xx.cmsis.driver.library\Debug\liblpc17xx.cmsis.driver.library.a(lpc17xx_i2c.o)
                0x000054a8                I2C_Start
 .text.I2C_Stop
                0x000054ec       0x38 C:\Users\Ryan\Desktop\Test Space\lpc17xx.cmsis.driver.library\Debug\liblpc17xx.cmsis.driver.library.a(lpc17xx_i2c.o)
                0x000054ec                I2C_Stop
 .text.I2C_SendByte
                0x00005524       0x50 C:\Users\Ryan\Desktop\Test Space\lpc17xx.cmsis.driver.library\Debug\liblpc17xx.cmsis.driver.library.a(lpc17xx_i2c.o)
 .text.I2C_GetByte
                0x00005574       0x5c C:\Users\Ryan\Desktop\Test Space\lpc17xx.cmsis.driver.library\Debug\liblpc17xx.cmsis.driver.library.a(lpc17xx_i2c.o)
 .text.I2C_SetClock
                0x000055d0       0xc8 C:\Users\Ryan\Desktop\Test Space\lpc17xx.cmsis.driver.library\Debug\liblpc17xx.cmsis.driver.library.a(lpc17xx_i2c.o)
                0x000055d0                I2C_SetClock
 .text.I2C_Init
                0x00005698       0xd8 C:\Users\Ryan\Desktop\Test Space\lpc17xx.cmsis.driver.library\Debug\liblpc17xx.cmsis.driver.library.a(lpc17xx_i2c.o)
                0x00005698                I2C_Init
 .text.I2C_Cmd  0x00005770       0x84 C:\Users\Ryan\Desktop\Test Space\lpc17xx.cmsis.driver.library\Debug\liblpc17xx.cmsis.driver.library.a(lpc17xx_i2c.o)
                0x00005770                I2C_Cmd
 .text.I2C_IntCmd
                0x000057f4       0xa8 C:\Users\Ryan\Desktop\Test Space\lpc17xx.cmsis.driver.library\Debug\liblpc17xx.cmsis.driver.library.a(lpc17xx_i2c.o)
                0x000057f4                I2C_IntCmd
 .text.I2C_MasterTransferData
                0x0000589c      0x34c C:\Users\Ryan\Desktop\Test Space\lpc17xx.cmsis.driver.library\Debug\liblpc17xx.cmsis.driver.library.a(lpc17xx_i2c.o)
                0x0000589c                I2C_MasterTransferData
 .text.set_PinFunc
                0x00005be8       0x9c C:\Users\Ryan\Desktop\Test Space\lpc17xx.cmsis.driver.library\Debug\liblpc17xx.cmsis.driver.library.a(lpc17xx_pinsel.o)
 .text.set_ResistorMode
                0x00005c84       0x9c C:\Users\Ryan\Desktop\Test Space\lpc17xx.cmsis.driver.library\Debug\liblpc17xx.cmsis.driver.library.a(lpc17xx_pinsel.o)
 .text.set_OpenDrainMode
                0x00005d20       0x7c C:\Users\Ryan\Desktop\Test Space\lpc17xx.cmsis.driver.library\Debug\liblpc17xx.cmsis.driver.library.a(lpc17xx_pinsel.o)
 .text.PINSEL_ConfigPin
                0x00005d9c       0x54 C:\Users\Ryan\Desktop\Test Space\lpc17xx.cmsis.driver.library\Debug\liblpc17xx.cmsis.driver.library.a(lpc17xx_pinsel.o)
                0x00005d9c                PINSEL_ConfigPin
 .text.setSSPclock
                0x00005df0       0xf8 C:\Users\Ryan\Desktop\Test Space\lpc17xx.cmsis.driver.library\Debug\liblpc17xx.cmsis.driver.library.a(lpc17xx_ssp.o)
 .text.SSP_Init
                0x00005ee8       0xbc C:\Users\Ryan\Desktop\Test Space\lpc17xx.cmsis.driver.library\Debug\liblpc17xx.cmsis.driver.library.a(lpc17xx_ssp.o)
                0x00005ee8                SSP_Init
 .text.SSP_GetDataSize
                0x00005fa4       0x4c C:\Users\Ryan\Desktop\Test Space\lpc17xx.cmsis.driver.library\Debug\liblpc17xx.cmsis.driver.library.a(lpc17xx_ssp.o)
                0x00005fa4                SSP_GetDataSize
 .text.SSP_ConfigStructInit
                0x00005ff0       0x48 C:\Users\Ryan\Desktop\Test Space\lpc17xx.cmsis.driver.library\Debug\liblpc17xx.cmsis.driver.library.a(lpc17xx_ssp.o)
                0x00005ff0                SSP_ConfigStructInit
 .text.SSP_Cmd  0x00006038       0x7c C:\Users\Ryan\Desktop\Test Space\lpc17xx.cmsis.driver.library\Debug\liblpc17xx.cmsis.driver.library.a(lpc17xx_ssp.o)
                0x00006038                SSP_Cmd
 .text.SSP_SendData
                0x000060b4       0x48 C:\Users\Ryan\Desktop\Test Space\lpc17xx.cmsis.driver.library\Debug\liblpc17xx.cmsis.driver.library.a(lpc17xx_ssp.o)
                0x000060b4                SSP_SendData
 .text.SSP_ReceiveData
                0x000060fc       0x44 C:\Users\Ryan\Desktop\Test Space\lpc17xx.cmsis.driver.library\Debug\liblpc17xx.cmsis.driver.library.a(lpc17xx_ssp.o)
                0x000060fc                SSP_ReceiveData
 .text.SSP_ReadWrite
                0x00006140      0x390 C:\Users\Ryan\Desktop\Test Space\lpc17xx.cmsis.driver.library\Debug\liblpc17xx.cmsis.driver.library.a(lpc17xx_ssp.o)
                0x00006140                SSP_ReadWrite
 .text.uart_set_divisors
                0x000064d0      0x26c C:\Users\Ryan\Desktop\Test Space\lpc17xx.cmsis.driver.library\Debug\liblpc17xx.cmsis.driver.library.a(lpc17xx_uart.o)
 .text.UART_Init
                0x0000673c      0x368 C:\Users\Ryan\Desktop\Test Space\lpc17xx.cmsis.driver.library\Debug\liblpc17xx.cmsis.driver.library.a(lpc17xx_uart.o)
                0x0000673c                UART_Init
 .text.UART_SendByte
                0x00006aa4       0x78 C:\Users\Ryan\Desktop\Test Space\lpc17xx.cmsis.driver.library\Debug\liblpc17xx.cmsis.driver.library.a(lpc17xx_uart.o)
                0x00006aa4                UART_SendByte
 .text.UART_ReceiveByte
                0x00006b1c       0x78 C:\Users\Ryan\Desktop\Test Space\lpc17xx.cmsis.driver.library\Debug\liblpc17xx.cmsis.driver.library.a(lpc17xx_uart.o)
                0x00006b1c                UART_ReceiveByte
 .text.UART_Send
                0x00006b94      0x10c C:\Users\Ryan\Desktop\Test Space\lpc17xx.cmsis.driver.library\Debug\liblpc17xx.cmsis.driver.library.a(lpc17xx_uart.o)
                0x00006b94                UART_Send
 .text.UART_Receive
                0x00006ca0       0xd8 C:\Users\Ryan\Desktop\Test Space\lpc17xx.cmsis.driver.library\Debug\liblpc17xx.cmsis.driver.library.a(lpc17xx_uart.o)
                0x00006ca0                UART_Receive
 .text.UART_IntConfig
                0x00006d78      0x1c8 C:\Users\Ryan\Desktop\Test Space\lpc17xx.cmsis.driver.library\Debug\liblpc17xx.cmsis.driver.library.a(lpc17xx_uart.o)
                0x00006d78                UART_IntConfig
 .text.UART_FIFOConfig
                0x00006f40      0x184 C:\Users\Ryan\Desktop\Test Space\lpc17xx.cmsis.driver.library\Debug\liblpc17xx.cmsis.driver.library.a(lpc17xx_uart.o)
                0x00006f40                UART_FIFOConfig
 .text.UART_FIFOConfigStructInit
                0x000070c4       0x34 C:\Users\Ryan\Desktop\Test Space\lpc17xx.cmsis.driver.library\Debug\liblpc17xx.cmsis.driver.library.a(lpc17xx_uart.o)
                0x000070c4                UART_FIFOConfigStructInit
 .text.UART_TxCmd
                0x000070f8       0xe8 C:\Users\Ryan\Desktop\Test Space\lpc17xx.cmsis.driver.library\Debug\liblpc17xx.cmsis.driver.library.a(lpc17xx_uart.o)
                0x000070f8                UART_TxCmd
 .text.CLKPWR_SetPCLKDiv
                0x000071e0       0xcc C:\Users\Ryan\Desktop\Test Space\lpc17xx.cmsis.driver.library\Debug\liblpc17xx.cmsis.driver.library.a(lpc17xx_clkpwr.o)
                0x000071e0                CLKPWR_SetPCLKDiv
 .text.CLKPWR_GetPCLKSEL
                0x000072ac       0x54 C:\Users\Ryan\Desktop\Test Space\lpc17xx.cmsis.driver.library\Debug\liblpc17xx.cmsis.driver.library.a(lpc17xx_clkpwr.o)
                0x000072ac                CLKPWR_GetPCLKSEL
 .text.CLKPWR_GetPCLK
                0x00007300       0x74 C:\Users\Ryan\Desktop\Test Space\lpc17xx.cmsis.driver.library\Debug\liblpc17xx.cmsis.driver.library.a(lpc17xx_clkpwr.o)
                0x00007300                CLKPWR_GetPCLK
 .text.CLKPWR_ConfigPPWR
                0x00007374       0x78 C:\Users\Ryan\Desktop\Test Space\lpc17xx.cmsis.driver.library\Debug\liblpc17xx.cmsis.driver.library.a(lpc17xx_clkpwr.o)
                0x00007374                CLKPWR_ConfigPPWR
 .text.I2CRead  0x000073ec       0x5c C:\Users\Ryan\Desktop\Test Space\Lib_EaBaseBoard\Debug\libLib_EaBaseBoard.a(acc.o)
 .text.I2CWrite
                0x00007448       0x5c C:\Users\Ryan\Desktop\Test Space\Lib_EaBaseBoard\Debug\libLib_EaBaseBoard.a(acc.o)
 .text.getStatus
                0x000074a4       0x3c C:\Users\Ryan\Desktop\Test Space\Lib_EaBaseBoard\Debug\libLib_EaBaseBoard.a(acc.o)
 .text.getModeControl
                0x000074e0       0x3c C:\Users\Ryan\Desktop\Test Space\Lib_EaBaseBoard\Debug\libLib_EaBaseBoard.a(acc.o)
 .text.setModeControl
                0x0000751c       0x30 C:\Users\Ryan\Desktop\Test Space\Lib_EaBaseBoard\Debug\libLib_EaBaseBoard.a(acc.o)
 .text.acc_init
                0x0000754c       0x10 C:\Users\Ryan\Desktop\Test Space\Lib_EaBaseBoard\Debug\libLib_EaBaseBoard.a(acc.o)
                0x0000754c                acc_init
 .text.acc_read
                0x0000755c       0xbc C:\Users\Ryan\Desktop\Test Space\Lib_EaBaseBoard\Debug\libLib_EaBaseBoard.a(acc.o)
                0x0000755c                acc_read
 .text.acc_setRange
                0x00007618       0x40 C:\Users\Ryan\Desktop\Test Space\Lib_EaBaseBoard\Debug\libLib_EaBaseBoard.a(acc.o)
                0x00007618                acc_setRange
 .text.acc_setMode
                0x00007658       0x38 C:\Users\Ryan\Desktop\Test Space\Lib_EaBaseBoard\Debug\libLib_EaBaseBoard.a(acc.o)
                0x00007658                acc_setMode
 .text.joystick_init
                0x00007690       0x28 C:\Users\Ryan\Desktop\Test Space\Lib_EaBaseBoard\Debug\libLib_EaBaseBoard.a(joystick.o)
                0x00007690                joystick_init
 .text.led7seg_init
                0x000076b8       0x24 C:\Users\Ryan\Desktop\Test Space\Lib_EaBaseBoard\Debug\libLib_EaBaseBoard.a(led7seg.o)
                0x000076b8                led7seg_init
 .text.led7seg_setChar
                0x000076dc       0x88 C:\Users\Ryan\Desktop\Test Space\Lib_EaBaseBoard\Debug\libLib_EaBaseBoard.a(led7seg.o)
                0x000076dc                led7seg_setChar
 .text.I2CRead  0x00007764       0x5c C:\Users\Ryan\Desktop\Test Space\Lib_EaBaseBoard\Debug\libLib_EaBaseBoard.a(light.o)
 .text.I2CWrite
                0x000077c0       0x5c C:\Users\Ryan\Desktop\Test Space\Lib_EaBaseBoard\Debug\libLib_EaBaseBoard.a(light.o)
 .text.readCommandReg
                0x0000781c       0x3c C:\Users\Ryan\Desktop\Test Space\Lib_EaBaseBoard\Debug\libLib_EaBaseBoard.a(light.o)
 .text.readControlReg
                0x00007858       0x3c C:\Users\Ryan\Desktop\Test Space\Lib_EaBaseBoard\Debug\libLib_EaBaseBoard.a(light.o)
 .text.light_enable
                0x00007894       0x48 C:\Users\Ryan\Desktop\Test Space\Lib_EaBaseBoard\Debug\libLib_EaBaseBoard.a(light.o)
                0x00007894                light_enable
 .text.light_read
                0x000078dc       0x90 C:\Users\Ryan\Desktop\Test Space\Lib_EaBaseBoard\Debug\libLib_EaBaseBoard.a(light.o)
                0x000078dc                light_read
 .text.light_setWidth
                0x0000796c       0xa4 C:\Users\Ryan\Desktop\Test Space\Lib_EaBaseBoard\Debug\libLib_EaBaseBoard.a(light.o)
                0x0000796c                light_setWidth
 .text.light_setRange
                0x00007a10       0xac C:\Users\Ryan\Desktop\Test Space\Lib_EaBaseBoard\Debug\libLib_EaBaseBoard.a(light.o)
                0x00007a10                light_setRange
 .text.writeCommand
                0x00007abc       0x60 C:\Users\Ryan\Desktop\Test Space\Lib_EaBaseBoard\Debug\libLib_EaBaseBoard.a(oled.o)
 .text.writeData
                0x00007b1c       0x60 C:\Users\Ryan\Desktop\Test Space\Lib_EaBaseBoard\Debug\libLib_EaBaseBoard.a(oled.o)
 .text.writeDataLen
                0x00007b7c       0x8c C:\Users\Ryan\Desktop\Test Space\Lib_EaBaseBoard\Debug\libLib_EaBaseBoard.a(oled.o)
 .text.runInitSequence
                0x00007c08      0x118 C:\Users\Ryan\Desktop\Test Space\Lib_EaBaseBoard\Debug\libLib_EaBaseBoard.a(oled.o)
 .text.oled_init
                0x00007d20       0x9c C:\Users\Ryan\Desktop\Test Space\Lib_EaBaseBoard\Debug\libLib_EaBaseBoard.a(oled.o)
                0x00007d20                oled_init
 .text.oled_putPixel
                0x00007dbc      0x188 C:\Users\Ryan\Desktop\Test Space\Lib_EaBaseBoard\Debug\libLib_EaBaseBoard.a(oled.o)
                0x00007dbc                oled_putPixel
 .text.oled_clearScreen
                0x00007f44       0x74 C:\Users\Ryan\Desktop\Test Space\Lib_EaBaseBoard\Debug\libLib_EaBaseBoard.a(oled.o)
                0x00007f44                oled_clearScreen
 .text.oled_putChar
                0x00007fb8       0xf0 C:\Users\Ryan\Desktop\Test Space\Lib_EaBaseBoard\Debug\libLib_EaBaseBoard.a(oled.o)
                0x00007fb8                oled_putChar
 .text.oled_putString
                0x000080a8       0x54 C:\Users\Ryan\Desktop\Test Space\Lib_EaBaseBoard\Debug\libLib_EaBaseBoard.a(oled.o)
                0x000080a8                oled_putString
 .text.I2CWrite
                0x000080fc       0x5c C:\Users\Ryan\Desktop\Test Space\Lib_EaBaseBoard\Debug\libLib_EaBaseBoard.a(pca9532.o)
 .text.setLsStates
                0x00008158       0xc4 C:\Users\Ryan\Desktop\Test Space\Lib_EaBaseBoard\Debug\libLib_EaBaseBoard.a(pca9532.o)
 .text.setLeds  0x0000821c       0xa0 C:\Users\Ryan\Desktop\Test Space\Lib_EaBaseBoard\Debug\libLib_EaBaseBoard.a(pca9532.o)
 .text.pca9532_init
                0x000082bc        0xc C:\Users\Ryan\Desktop\Test Space\Lib_EaBaseBoard\Debug\libLib_EaBaseBoard.a(pca9532.o)
                0x000082bc                pca9532_init
 .text.pca9532_setLeds
                0x000082c8       0xa0 C:\Users\Ryan\Desktop\Test Space\Lib_EaBaseBoard\Debug\libLib_EaBaseBoard.a(pca9532.o)
                0x000082c8                pca9532_setLeds
 .text.SystemInit
                0x00008368       0xe4 C:\Users\Ryan\Desktop\Test Space\CMSISv2p00_LPC17xx\Debug\libCMSISv2p00_LPC17xx.a(system_LPC17xx.o)
                0x00008368                SystemInit
 .text.__main   0x0000844c       0x14 c:/nxp/lpcxpresso_6.1.4_194/lpcxpresso/tools/bin/../lib/gcc/arm-none-eabi/4.6.2/../../../../arm-none-eabi/lib/armv7-m\libcr_nohost.a(_cr__main.o)
                0x0000844c                __main
 .text.memcpy   0x00008460        0x4 c:/nxp/lpcxpresso_6.1.4_194/lpcxpresso/tools/bin/../lib/gcc/arm-none-eabi/4.6.2/../../../../arm-none-eabi/lib/armv7-m\libcr_c.a(memcpy.o)
                0x00008460                memcpy
 .text.memset   0x00008464        0x4 c:/nxp/lpcxpresso_6.1.4_194/lpcxpresso/tools/bin/../lib/gcc/arm-none-eabi/4.6.2/../../../../arm-none-eabi/lib/armv7-m\libcr_c.a(memset.o)
                0x00008464                memset
 .text.lose_trailing_zeros
                0x00008468       0x1e c:/nxp/lpcxpresso_6.1.4_194/lpcxpresso/tools/bin/../lib/gcc/arm-none-eabi/4.6.2/../../../../arm-none-eabi/lib/armv7-m\libcr_c.a(fpprintf.o)
 .text.fp_round
                0x00008486       0x54 c:/nxp/lpcxpresso_6.1.4_194/lpcxpresso/tools/bin/../lib/gcc/arm-none-eabi/4.6.2/../../../../arm-none-eabi/lib/armv7-m\libcr_c.a(fpprintf.o)
 .text.pr_dec.constprop.1
                0x000084da       0x22 c:/nxp/lpcxpresso_6.1.4_194/lpcxpresso/tools/bin/../lib/gcc/arm-none-eabi/4.6.2/../../../../arm-none-eabi/lib/armv7-m\libcr_c.a(fpprintf.o)
 .text.sprintf  0x000084fc       0x70 c:/nxp/lpcxpresso_6.1.4_194/lpcxpresso/tools/bin/../lib/gcc/arm-none-eabi/4.6.2/../../../../arm-none-eabi/lib/armv7-m\libcr_c.a(fpprintf.o)
                0x000084fc                sprintf
 *fill*         0x0000856c        0x4 00
 .text.fp_display
                0x00008570      0x908 c:/nxp/lpcxpresso_6.1.4_194/lpcxpresso/tools/bin/../lib/gcc/arm-none-eabi/4.6.2/../../../../arm-none-eabi/lib/armv7-m\libcr_c.a(fpprintf.o)
 .text._initio  0x00008e78       0x9c c:/nxp/lpcxpresso_6.1.4_194/lpcxpresso/tools/bin/../lib/gcc/arm-none-eabi/4.6.2/../../../../arm-none-eabi/lib/armv7-m\libcr_c.a(initio.o)
                0x00008e78                _initio
 .text.memcmp   0x00008f14       0x38 c:/nxp/lpcxpresso_6.1.4_194/lpcxpresso/tools/bin/../lib/gcc/arm-none-eabi/4.6.2/../../../../arm-none-eabi/lib/armv7-m\libcr_c.a(memcmp.o)
                0x00008f14                memcmp
 .text.__vfprintf
                0x00008f4c      0xd54 c:/nxp/lpcxpresso_6.1.4_194/lpcxpresso/tools/bin/../lib/gcc/arm-none-eabi/4.6.2/../../../../arm-none-eabi/lib/armv7-m\libcr_c.a(printf.o)
                0x00008f4c                __vfprintf
 .text.setvbuf  0x00009ca0       0x48 c:/nxp/lpcxpresso_6.1.4_194/lpcxpresso/tools/bin/../lib/gcc/arm-none-eabi/4.6.2/../../../../arm-none-eabi/lib/armv7-m\libcr_c.a(setvbuf.o)
                0x00009ca0                setvbuf
 .text.abs      0x00009ce8        0x8 c:/nxp/lpcxpresso_6.1.4_194/lpcxpresso/tools/bin/../lib/gcc/arm-none-eabi/4.6.2/../../../../arm-none-eabi/lib/armv7-m\libcr_c.a(stdlib.o)
                0x00009ce8                abs
 .text.strcmp   0x00009cf0       0x3c c:/nxp/lpcxpresso_6.1.4_194/lpcxpresso/tools/bin/../lib/gcc/arm-none-eabi/4.6.2/../../../../arm-none-eabi/lib/armv7-m\libcr_c.a(strcmp.o)
                0x00009cf0                strcmp
 .text.strlen   0x00009d2c       0x4c c:/nxp/lpcxpresso_6.1.4_194/lpcxpresso/tools/bin/../lib/gcc/arm-none-eabi/4.6.2/../../../../arm-none-eabi/lib/armv7-m\libcr_c.a(strlen.o)
                0x00009d2c                strlen
 .text.strncpy  0x00009d78       0x54 c:/nxp/lpcxpresso_6.1.4_194/lpcxpresso/tools/bin/../lib/gcc/arm-none-eabi/4.6.2/../../../../arm-none-eabi/lib/armv7-m\libcr_c.a(strncpy.o)
                0x00009d78                strncpy
 .text._deferredlazyseek
                0x00009dcc       0x44 c:/nxp/lpcxpresso_6.1.4_194/lpcxpresso/tools/bin/../lib/gcc/arm-none-eabi/4.6.2/../../../../arm-none-eabi/lib/armv7-m\libcr_c.a(_deferredlazyseek.o)
                0x00009dcc                _deferredlazyseek
 .text.__flsbuf
                0x00009e10      0x14e c:/nxp/lpcxpresso_6.1.4_194/lpcxpresso/tools/bin/../lib/gcc/arm-none-eabi/4.6.2/../../../../arm-none-eabi/lib/armv7-m\libcr_c.a(_deferredlazyseek.o)
                0x00009e10                __flsbuf
 .text._fdopen  0x00009f5e       0x6c c:/nxp/lpcxpresso_6.1.4_194/lpcxpresso/tools/bin/../lib/gcc/arm-none-eabi/4.6.2/../../../../arm-none-eabi/lib/armv7-m\libcr_c.a(_fdopen.o)
                0x00009f5e                _fdopen
 .text._fflush  0x00009fca       0x58 c:/nxp/lpcxpresso_6.1.4_194/lpcxpresso/tools/bin/../lib/gcc/arm-none-eabi/4.6.2/../../../../arm-none-eabi/lib/armv7-m\libcr_c.a(_fflush.o)
                0x00009fca                _fflush
 .text._frexpl  0x0000a022       0x60 c:/nxp/lpcxpresso_6.1.4_194/lpcxpresso/tools/bin/../lib/gcc/arm-none-eabi/4.6.2/../../../../arm-none-eabi/lib/armv7-m\libcr_c.a(_frexpl.o)
                0x0000a022                _frexpl
 *fill*         0x0000a082        0x2 00
 .text._ldexpl  0x0000a084       0x50 c:/nxp/lpcxpresso_6.1.4_194/lpcxpresso/tools/bin/../lib/gcc/arm-none-eabi/4.6.2/../../../../arm-none-eabi/lib/armv7-m\libcr_c.a(_ldexpl.o)
                0x0000a084                _ldexpl
 .text._Cwritebuf
                0x0000a0d4       0x84 c:/nxp/lpcxpresso_6.1.4_194/lpcxpresso/tools/bin/../lib/gcc/arm-none-eabi/4.6.2/../../../../arm-none-eabi/lib/armv7-m\libcr_c.a(_writebuf.o)
                0x0000a0d4                _Cwritebuf
 .text.malloc   0x0000a158       0xbc c:/nxp/lpcxpresso_6.1.4_194/lpcxpresso/tools/bin/../lib/gcc/arm-none-eabi/4.6.2/../../../../arm-none-eabi/lib/armv7-m\libcr_c.a(alloc.o)
                0x0000a158                malloc
 .text.free     0x0000a214        0xc c:/nxp/lpcxpresso_6.1.4_194/lpcxpresso/tools/bin/../lib/gcc/arm-none-eabi/4.6.2/../../../../arm-none-eabi/lib/armv7-m\libcr_c.a(alloc.o)
                0x0000a214                free
 .text._Csys_alloc
                0x0000a220       0x20 c:/nxp/lpcxpresso_6.1.4_194/lpcxpresso/tools/bin/../lib/gcc/arm-none-eabi/4.6.2/../../../../arm-none-eabi/lib/armv7-m\libcr_c.a(alloc.o)
                0x0000a220                _Csys_alloc
 .text.fclose   0x0000a240       0x6c c:/nxp/lpcxpresso_6.1.4_194/lpcxpresso/tools/bin/../lib/gcc/arm-none-eabi/4.6.2/../../../../arm-none-eabi/lib/armv7-m\libcr_c.a(fclose.o)
                0x0000a240                fclose
 .text.fflush   0x0000a2ac       0x34 c:/nxp/lpcxpresso_6.1.4_194/lpcxpresso/tools/bin/../lib/gcc/arm-none-eabi/4.6.2/../../../../arm-none-eabi/lib/armv7-m\libcr_c.a(fflush.o)
                0x0000a2ac                fflush
 .text.fseek    0x0000a2e0      0x104 c:/nxp/lpcxpresso_6.1.4_194/lpcxpresso/tools/bin/../lib/gcc/arm-none-eabi/4.6.2/../../../../arm-none-eabi/lib/armv7-m\libcr_c.a(fseek.o)
                0x0000a2e0                fseek
 .text.ftell    0x0000a3e4       0x4c c:/nxp/lpcxpresso_6.1.4_194/lpcxpresso/tools/bin/../lib/gcc/arm-none-eabi/4.6.2/../../../../arm-none-eabi/lib/armv7-m\libcr_c.a(ftell.o)
                0x0000a3e4                ftell
 .text.remove   0x0000a430       0x14 c:/nxp/lpcxpresso_6.1.4_194/lpcxpresso/tools/bin/../lib/gcc/arm-none-eabi/4.6.2/../../../../arm-none-eabi/lib/armv7-m\libcr_c.a(remove.o)
                0x0000a430                remove
 .text._do_fflush
                0x0000a444       0x42 c:/nxp/lpcxpresso_6.1.4_194/lpcxpresso/tools/bin/../lib/gcc/arm-none-eabi/4.6.2/../../../../arm-none-eabi/lib/armv7-m\libcr_c.a(_do_fflush.o)
                0x0000a444                _do_fflush
 *fill*         0x0000a486        0x2 00
 .text.__aeabi_dmul
                0x0000a488      0x138 c:/nxp/lpcxpresso_6.1.4_194/lpcxpresso/tools/bin/../lib/gcc/arm-none-eabi/4.6.2/armv7-m\libcr_eabihelpers.a(double.o)
                0x0000a488                __aeabi_dmul
 .text.__aeabi_ddiv
                0x0000a5c0      0x168 c:/nxp/lpcxpresso_6.1.4_194/lpcxpresso/tools/bin/../lib/gcc/arm-none-eabi/4.6.2/armv7-m\libcr_eabihelpers.a(double.o)
                0x0000a5c0                __aeabi_ddiv
 .text.__aeabi_dsub
                0x0000a728      0x1f4 c:/nxp/lpcxpresso_6.1.4_194/lpcxpresso/tools/bin/../lib/gcc/arm-none-eabi/4.6.2/armv7-m\libcr_eabihelpers.a(double.o)
                0x0000a728                __aeabi_dsub
 .text.__aeabi_dadd
                0x0000a91c      0x154 c:/nxp/lpcxpresso_6.1.4_194/lpcxpresso/tools/bin/../lib/gcc/arm-none-eabi/4.6.2/armv7-m\libcr_eabihelpers.a(double.o)
                0x0000a91c                __aeabi_dadd
 .text.__aeabi_d2f
                0x0000aa70       0x58 c:/nxp/lpcxpresso_6.1.4_194/lpcxpresso/tools/bin/../lib/gcc/arm-none-eabi/4.6.2/armv7-m\libcr_eabihelpers.a(double.o)
                0x0000aa70                __aeabi_d2f
 .text.__aeabi_d2iz
                0x0000aac8       0x40 c:/nxp/lpcxpresso_6.1.4_194/lpcxpresso/tools/bin/../lib/gcc/arm-none-eabi/4.6.2/armv7-m\libcr_eabihelpers.a(double.o)
                0x0000aac8                __aeabi_d2iz
 .text.__bhs_ui2d
                0x0000ab08       0x5c c:/nxp/lpcxpresso_6.1.4_194/lpcxpresso/tools/bin/../lib/gcc/arm-none-eabi/4.6.2/armv7-m\libcr_eabihelpers.a(double.o)
                0x0000ab08                __bhs_ui2d
 .text.__aeabi_i2d
                0x0000ab64       0x10 c:/nxp/lpcxpresso_6.1.4_194/lpcxpresso/tools/bin/../lib/gcc/arm-none-eabi/4.6.2/armv7-m\libcr_eabihelpers.a(double.o)
                0x0000ab64                __aeabi_i2d
 .text.__aeabi_dcmpeq
                0x0000ab74       0x3c c:/nxp/lpcxpresso_6.1.4_194/lpcxpresso/tools/bin/../lib/gcc/arm-none-eabi/4.6.2/armv7-m\libcr_eabihelpers.a(double.o)
                0x0000ab74                __aeabi_dcmpeq
 .text.__aeabi_dcmplt
                0x0000abb0       0x5c c:/nxp/lpcxpresso_6.1.4_194/lpcxpresso/tools/bin/../lib/gcc/arm-none-eabi/4.6.2/armv7-m\libcr_eabihelpers.a(double.o)
                0x0000abb0                __aeabi_dcmplt
 .text.__aeabi_dcmpgt
                0x0000ac0c       0x60 c:/nxp/lpcxpresso_6.1.4_194/lpcxpresso/tools/bin/../lib/gcc/arm-none-eabi/4.6.2/armv7-m\libcr_eabihelpers.a(double.o)
                0x0000ac0c                __aeabi_dcmpgt
 .text.__aeabi_dcmple
                0x0000ac6c       0x58 c:/nxp/lpcxpresso_6.1.4_194/lpcxpresso/tools/bin/../lib/gcc/arm-none-eabi/4.6.2/armv7-m\libcr_eabihelpers.a(double.o)
                0x0000ac6c                __aeabi_dcmple
 .text.__aeabi_dcmpge
                0x0000acc4       0x5c c:/nxp/lpcxpresso_6.1.4_194/lpcxpresso/tools/bin/../lib/gcc/arm-none-eabi/4.6.2/armv7-m\libcr_eabihelpers.a(double.o)
                0x0000acc4                __aeabi_dcmpge
 .text.__bhs_ui2f
                0x0000ad20       0x28 c:/nxp/lpcxpresso_6.1.4_194/lpcxpresso/tools/bin/../lib/gcc/arm-none-eabi/4.6.2/armv7-m\libcr_eabihelpers.a(float.o)
                0x0000ad20                __bhs_ui2f
 .text.__aeabi_i2f
                0x0000ad48       0x10 c:/nxp/lpcxpresso_6.1.4_194/lpcxpresso/tools/bin/../lib/gcc/arm-none-eabi/4.6.2/armv7-m\libcr_eabihelpers.a(float.o)
                0x0000ad48                __aeabi_i2f
 .text.__aeabi_f2d
                0x0000ad58       0x3c c:/nxp/lpcxpresso_6.1.4_194/lpcxpresso/tools/bin/../lib/gcc/arm-none-eabi/4.6.2/armv7-m\libcr_eabihelpers.a(float.o)
                0x0000ad58                __aeabi_f2d
 .text.__aeabi_fcmplt
                0x0000ad94       0x40 c:/nxp/lpcxpresso_6.1.4_194/lpcxpresso/tools/bin/../lib/gcc/arm-none-eabi/4.6.2/armv7-m\libcr_eabihelpers.a(float.o)
                0x0000ad94                __aeabi_fcmplt
 .text.__aeabi_fcmpgt
                0x0000add4       0x40 c:/nxp/lpcxpresso_6.1.4_194/lpcxpresso/tools/bin/../lib/gcc/arm-none-eabi/4.6.2/armv7-m\libcr_eabihelpers.a(float.o)
                0x0000add4                __aeabi_fcmpgt
 .text.__aeabi_memcpy
                0x0000ae14       0x26 c:/nxp/lpcxpresso_6.1.4_194/lpcxpresso/tools/bin/../lib/gcc/arm-none-eabi/4.6.2/armv7-m\libcr_eabihelpers.a(memcpy.o)
                0x0000ae14                __aeabi_memcpy4
                0x0000ae14                __aeabi_memcpy8
                0x0000ae14                __aeabi_memcpy
 .text.__aeabi_memset_lowlevel
                0x0000ae3a       0x24 c:/nxp/lpcxpresso_6.1.4_194/lpcxpresso/tools/bin/../lib/gcc/arm-none-eabi/4.6.2/armv7-m\libcr_eabihelpers.a(memcpy.o)
                0x0000ae3a                __aeabi_lowlevel_memset
 .text.__sys_appexit
                0x0000ae5e        0x2 c:/nxp/lpcxpresso_6.1.4_194/lpcxpresso/tools/bin/../lib/gcc/arm-none-eabi/4.6.2/../../../../arm-none-eabi/lib/armv7-m\libcr_nohost.a(__sys_appexit.o)
                0x0000ae5e                __sys_appexit
                0x0000ae5e                __exit
 .text.__sys_close
                0x0000ae60        0x6 c:/nxp/lpcxpresso_6.1.4_194/lpcxpresso/tools/bin/../lib/gcc/arm-none-eabi/4.6.2/../../../../arm-none-eabi/lib/armv7-m\libcr_nohost.a(__sys_close.o)
                0x0000ae60                __sys_close
 .text.__sys_flen
                0x0000ae66        0x6 c:/nxp/lpcxpresso_6.1.4_194/lpcxpresso/tools/bin/../lib/gcc/arm-none-eabi/4.6.2/../../../../arm-none-eabi/lib/armv7-m\libcr_nohost.a(__sys_flen.o)
                0x0000ae66                __sys_flen
 .text.__sys_istty
                0x0000ae6c        0x6 c:/nxp/lpcxpresso_6.1.4_194/lpcxpresso/tools/bin/../lib/gcc/arm-none-eabi/4.6.2/../../../../arm-none-eabi/lib/armv7-m\libcr_nohost.a(__sys_istty.o)
                0x0000ae6c                __sys_istty
 .text.__sys_remove
                0x0000ae72        0x6 c:/nxp/lpcxpresso_6.1.4_194/lpcxpresso/tools/bin/../lib/gcc/arm-none-eabi/4.6.2/../../../../arm-none-eabi/lib/armv7-m\libcr_nohost.a(__sys_remove.o)
                0x0000ae72                __sys_remove
 .text.__sys_seek
                0x0000ae78        0x6 c:/nxp/lpcxpresso_6.1.4_194/lpcxpresso/tools/bin/../lib/gcc/arm-none-eabi/4.6.2/../../../../arm-none-eabi/lib/armv7-m\libcr_nohost.a(__sys_seek.o)
                0x0000ae78                __sys_seek
 .text.__sys_tmpnam
                0x0000ae7e        0x6 c:/nxp/lpcxpresso_6.1.4_194/lpcxpresso/tools/bin/../lib/gcc/arm-none-eabi/4.6.2/../../../../arm-none-eabi/lib/armv7-m\libcr_nohost.a(__sys_tmpnam.o)
                0x0000ae7e                __sys_tmpnam
 .text.__sys_write
                0x0000ae84        0x4 c:/nxp/lpcxpresso_6.1.4_194/lpcxpresso/tools/bin/../lib/gcc/arm-none-eabi/4.6.2/../../../../arm-none-eabi/lib/armv7-m\libcr_nohost.a(__sys_write.o)
                0x0000ae84                __sys_write
                0x0000ae84                __write
 .text._sbrk    0x0000ae88       0x40 c:/nxp/lpcxpresso_6.1.4_194/lpcxpresso/tools/bin/../lib/gcc/arm-none-eabi/4.6.2/../../../../arm-none-eabi/lib/armv7-m\libcr_nohost.a(_cr_sbrk.o)
                0x0000ae88                _sbrk
 .text.__check_heap_overflow
                0x0000aec8       0x2c c:/nxp/lpcxpresso_6.1.4_194/lpcxpresso/tools/bin/../lib/gcc/arm-none-eabi/4.6.2/../../../../arm-none-eabi/lib/armv7-m\libcr_nohost.a(_cr_check_heap.o)
                0x0000aec8                __check_heap_overflow
 *(.rodata .rodata.* .constdata .constdata.*)
 .rodata        0x0000aef4      0x18c ./Source/Helper_Functions/create_tasks.o
 .rodata        0x0000b080       0x98 ./Source/Helper_Functions/launch_tasks.o
 .rodata        0x0000b118       0x10 ./Source/Helper_Functions/oled_helpers.o
 .rodata        0x0000b128       0x64 ./Source/Helper_Functions/return_tasks.o
 .rodata        0x0000b18c       0x34 ./Source/Helper_Functions/stationary_tasks.o
 .rodata.heapSTRUCT_SIZE
                0x0000b1c0        0x2 ./Source/FreeRTOS-Products/FreeRTOS/portable/MemMang/heap_2.o
 *fill*         0x0000b1c2        0x2 00
 .rodata        0x0000b1c4       0x50 ./Source/FreeRTOS-Products/FreeRTOS/tasks.o
 .rodata.ucExpectedStackBytes.4456
                0x0000b214       0x14 ./Source/FreeRTOS-Products/FreeRTOS/tasks.o
 .rodata        0x0000b228        0x8 ./Source/FreeRTOS-Products/FreeRTOS/timers.o
 .rodata.DEFAULT_TEMP_THRESHOLD
                0x0000b230        0x4 ./Source/main.o
 .rodata.DEFAULT_ACC_THRESHOLD
                0x0000b234        0x4 ./Source/main.o
 .rodata.DEFAULT_OBSTACLE_THRESHOLD
                0x0000b238        0x4 ./Source/main.o
 .rodata        0x0000b23c       0x24 ./Source/main.o
 .rodata        0x0000b260       0x18 C:\Users\Ryan\Desktop\Test Space\lpc17xx.cmsis.driver.library\Debug\liblpc17xx.cmsis.driver.library.a(lpc17xx_i2c.o)
 .rodata        0x0000b278       0x18 C:\Users\Ryan\Desktop\Test Space\lpc17xx.cmsis.driver.library\Debug\liblpc17xx.cmsis.driver.library.a(lpc17xx_ssp.o)
 .rodata        0x0000b290       0x1c C:\Users\Ryan\Desktop\Test Space\lpc17xx.cmsis.driver.library\Debug\liblpc17xx.cmsis.driver.library.a(lpc17xx_uart.o)
 .rodata        0x0000b2ac        0x8 C:\Users\Ryan\Desktop\Test Space\Lib_EaBaseBoard\Debug\libLib_EaBaseBoard.a(oled.o)
 .rodata        0x0000b2b4      0x300 C:\Users\Ryan\Desktop\Test Space\Lib_EaBaseBoard\Debug\libLib_EaBaseBoard.a(font5x7.o)
                0x0000b2b4                font5x7
 .rodata.str1.1
                0x0000b5b4       0x34 c:/nxp/lpcxpresso_6.1.4_194/lpcxpresso/tools/bin/../lib/gcc/arm-none-eabi/4.6.2/../../../../arm-none-eabi/lib/armv7-m\libcr_c.a(fpprintf.o)
                                 0x35 (size before relaxing)
 .rodata.str1.1
                0x0000b5e8        0x4 c:/nxp/lpcxpresso_6.1.4_194/lpcxpresso/tools/bin/../lib/gcc/arm-none-eabi/4.6.2/../../../../arm-none-eabi/lib/armv7-m\libcr_c.a(initio.o)
 .rodata.str1.1
                0x0000b5ec       0x31 c:/nxp/lpcxpresso_6.1.4_194/lpcxpresso/tools/bin/../lib/gcc/arm-none-eabi/4.6.2/../../../../arm-none-eabi/lib/armv7-m\libcr_c.a(printf.o)
                                 0x38 (size before relaxing)
 .rodata.str1.1
                0x0000b61d       0x18 c:/nxp/lpcxpresso_6.1.4_194/lpcxpresso/tools/bin/../lib/gcc/arm-none-eabi/4.6.2/../../../../arm-none-eabi/lib/armv7-m\libcr_c.a(alloc.o)
 *fill*         0x0000b635        0x3 00
 .rodata.__huge_vall
                0x0000b638        0x8 c:/nxp/lpcxpresso_6.1.4_194/lpcxpresso/tools/bin/../lib/gcc/arm-none-eabi/4.6.2/../../../../arm-none-eabi/lib/armv7-m\libcr_c.a(_hugeval.o)
                0x0000b638                __huge_vall
                0x0000b640                . = ALIGN (0x4)

.glue_7         0x0000b640        0x0
 .glue_7        0x00000000        0x0 linker stubs

.glue_7t        0x0000b640        0x0
 .glue_7t       0x00000000        0x0 linker stubs

.vfp11_veneer   0x0000b640        0x0
 .vfp11_veneer  0x00000000        0x0 linker stubs

.v4_bx          0x0000b640        0x0
 .v4_bx         0x00000000        0x0 linker stubs

.ARM.extab
 *(.ARM.extab* .gnu.linkonce.armextab.*)
                0x0000b640                __exidx_start = .

.ARM.exidx
 *(.ARM.exidx* .gnu.linkonce.armexidx.*)
                0x0000b640                __exidx_end = .
                0x0000b640                _etext = .

.data_RAM2      0x2007c000        0x0 load address 0x0000b640
 FILL mask 0xff
 *(.data.$RAM2*)
 *(.data.$RamAHB32*)
                0x2007c000                . = ALIGN (0x4)

.uninit_RESERVED
                0x10000000        0x0
 *(.bss.$RESERVED*)
                0x10000000                . = ALIGN (0x4)
                0x10000000                _end_uninit_RESERVED = .

.data           0x10000000       0xac load address 0x0000b640
 FILL mask 0xff
                0x10000000                _data = .
 *(vtable)
 *(.data*)
 .data.mycommand
                0x10000000        0x4 ./Source/Helper_Functions/init_interfaces.o
                0x10000000                mycommand
 .data.LAUNCH_TEXT
                0x10000004        0x4 ./Source/Helper_Functions/launch_tasks.o
                0x10000004                LAUNCH_TEXT
 .data.ACCEL_WARNING_TEXT
                0x10000008        0x4 ./Source/Helper_Functions/launch_tasks.o
                0x10000008                ACCEL_WARNING_TEXT
 .data.ACCEL_SAFE_TEXT
                0x1000000c        0x4 ./Source/Helper_Functions/launch_tasks.o
                0x1000000c                ACCEL_SAFE_TEXT
 .data.BLANK_LINE
                0x10000010        0x4 ./Source/Helper_Functions/oled_helpers.o
                0x10000010                BLANK_LINE
 .data.RETURN_TEXT
                0x10000014        0x4 ./Source/Helper_Functions/return_tasks.o
                0x10000014                RETURN_TEXT
 .data.ledArray
                0x10000018        0x2 ./Source/Helper_Functions/return_tasks.o
                0x10000018                ledArray
 .data.segmentA
                0x1000001a        0x1 ./Source/Helper_Functions/stationary_tasks.o
                0x1000001a                segmentA
 .data.segmentB
                0x1000001b        0x1 ./Source/Helper_Functions/stationary_tasks.o
                0x1000001b                segmentB
 .data.segmentC
                0x1000001c        0x1 ./Source/Helper_Functions/stationary_tasks.o
                0x1000001c                segmentC
 .data.segmentD
                0x1000001d        0x1 ./Source/Helper_Functions/stationary_tasks.o
                0x1000001d                segmentD
 .data.segmentE
                0x1000001e        0x1 ./Source/Helper_Functions/stationary_tasks.o
                0x1000001e                segmentE
 .data.segmentF
                0x1000001f        0x1 ./Source/Helper_Functions/stationary_tasks.o
                0x1000001f                segmentF
 .data.segment9
                0x10000020        0x1 ./Source/Helper_Functions/stationary_tasks.o
                0x10000020                segment9
 .data.segment8
                0x10000021        0x1 ./Source/Helper_Functions/stationary_tasks.o
                0x10000021                segment8
 .data.segment7
                0x10000022        0x1 ./Source/Helper_Functions/stationary_tasks.o
                0x10000022                segment7
 .data.segment6
                0x10000023        0x1 ./Source/Helper_Functions/stationary_tasks.o
                0x10000023                segment6
 .data.segment5
                0x10000024        0x1 ./Source/Helper_Functions/stationary_tasks.o
                0x10000024                segment5
 .data.segment4
                0x10000025        0x1 ./Source/Helper_Functions/stationary_tasks.o
                0x10000025                segment4
 .data.segment3
                0x10000026        0x1 ./Source/Helper_Functions/stationary_tasks.o
                0x10000026                segment3
 .data.segment2
                0x10000027        0x1 ./Source/Helper_Functions/stationary_tasks.o
                0x10000027                segment2
 .data.segment1
                0x10000028        0x1 ./Source/Helper_Functions/stationary_tasks.o
                0x10000028                segment1
 *fill*         0x10000029        0x3 00
 .data.STATIONARY_TEXT
                0x1000002c        0x4 ./Source/Helper_Functions/stationary_tasks.o
                0x1000002c                STATIONARY_TEXT
 .data.xFreeBytesRemaining
                0x10000030        0x4 ./Source/FreeRTOS-Products/FreeRTOS/portable/MemMang/heap_2.o
 .data.uxCriticalNesting
                0x10000034        0x4 ./Source/FreeRTOS-Products/FreeRTOS/portable/GCC/ARM_CM3/port.o
 .data.xNextTaskUnblockTime
                0x10000038        0x4 ./Source/FreeRTOS-Products/FreeRTOS/tasks.o
 .data.TEMP_WARNING_THRESHOLD
                0x1000003c        0x4 ./Source/main.o
                0x1000003c                TEMP_WARNING_THRESHOLD
 .data.ACC_THRESHOLD
                0x10000040        0x4 ./Source/main.o
                0x10000040                ACC_THRESHOLD
 .data.OBSTACLE_NEAR_THRESHOLD
                0x10000044        0x4 ./Source/main.o
                0x10000044                OBSTACLE_NEAR_THRESHOLD
 .data.TEMP_WARNING_TEXT
                0x10000048        0x4 ./Source/main.o
                0x10000048                TEMP_WARNING_TEXT
 .data.TEMP_SAFE_TEXT
                0x1000004c        0x4 ./Source/main.o
                0x1000004c                TEMP_SAFE_TEXT
 .data          0x10000050       0x50 C:\Users\Ryan\Desktop\Test Space\Lib_EaBaseBoard\Debug\libLib_EaBaseBoard.a(led7seg.o)
 .data          0x100000a0        0x8 C:\Users\Ryan\Desktop\Test Space\Lib_EaBaseBoard\Debug\libLib_EaBaseBoard.a(light.o)
 .data.SystemCoreClock
                0x100000a8        0x4 C:\Users\Ryan\Desktop\Test Space\CMSISv2p00_LPC17xx\Debug\libCMSISv2p00_LPC17xx.a(system_LPC17xx.o)
                0x100000a8                SystemCoreClock
                0x100000ac                . = ALIGN (0x4)
                0x100000ac                _edata = .

.bss_RAM2       0x2007c000        0x0
 *(.bss.$RAM2*)
 *(.bss.$RamAHB32*)
                0x2007c000                . = ALIGN (0x4)

.bss            0x100000b0     0x4564
                0x100000b0                _bss = .
 *(.bss*)
 .bss.tempOrLightData
                0x100000b0       0x20 ./Source/Helper_Functions/create_tasks.o
                0x100000b0                tempOrLightData
 .bss.xData     0x100000d0       0x14 ./Source/Helper_Functions/create_tasks.o
                0x100000d0                xData
 .bss.yData     0x100000e4       0x14 ./Source/Helper_Functions/create_tasks.o
                0x100000e4                yData
 .bss.data      0x100000f8        0x1 ./Source/Helper_Functions/init_interfaces.o
                0x100000f8                data
 .bss.len       0x100000f9        0x1 ./Source/Helper_Functions/init_interfaces.o
                0x100000f9                len
 *fill*         0x100000fa        0x2 00
 .bss.xReading  0x100000fc       0x14 ./Source/Helper_Functions/launch_tasks.o
                0x100000fc                xReading
 .bss.yReading  0x10000110       0x14 ./Source/Helper_Functions/launch_tasks.o
                0x10000110                yReading
 .bss.xG        0x10000124        0x4 ./Source/Helper_Functions/launch_tasks.o
                0x10000124                xG
 .bss.yG        0x10000128        0x4 ./Source/Helper_Functions/launch_tasks.o
                0x10000128                yG
 .bss.uartCbsDat
                0x1000012c       0x40 ./Source/Helper_Functions/my_uart.o
                0x1000012c                uartCbsDat
 .bss.pfnModemCbs
                0x1000016c        0x4 ./Source/Helper_Functions/my_uart.o
                0x1000016c                pfnModemCbs
 .bss.light     0x10000170       0x20 ./Source/Helper_Functions/return_tasks.o
                0x10000170                light
 .bss.obstacle_near_message
                0x10000190       0x10 ./Source/Helper_Functions/return_tasks.o
                0x10000190                obstacle_near_message
 .bss.msg       0x100001a0       0x14 ./Source/Helper_Functions/stationary_tasks.o
                0x100001a0                msg
 .bss.tempReading
                0x100001b4       0x10 ./Source/Helper_Functions/stationary_tasks.o
                0x100001b4                tempReading
 *fill*         0x100001c4        0x4 00
 .bss.xHeap     0x100001c8     0x3c00 ./Source/FreeRTOS-Products/FreeRTOS/portable/MemMang/heap_2.o
 .bss.xStart    0x10003dc8        0x8 ./Source/FreeRTOS-Products/FreeRTOS/portable/MemMang/heap_2.o
 .bss.xEnd      0x10003dd0        0x8 ./Source/FreeRTOS-Products/FreeRTOS/portable/MemMang/heap_2.o
 .bss.xHeapHasBeenInitialised.3992
                0x10003dd8        0x4 ./Source/FreeRTOS-Products/FreeRTOS/portable/MemMang/heap_2.o
 .bss.pxCurrentTCB
                0x10003ddc        0x4 ./Source/FreeRTOS-Products/FreeRTOS/tasks.o
                0x10003ddc                pxCurrentTCB
 .bss.pxReadyTasksLists
                0x10003de0      0x258 ./Source/FreeRTOS-Products/FreeRTOS/tasks.o
 .bss.xDelayedTaskList1
                0x10004038       0x14 ./Source/FreeRTOS-Products/FreeRTOS/tasks.o
 .bss.xDelayedTaskList2
                0x1000404c       0x14 ./Source/FreeRTOS-Products/FreeRTOS/tasks.o
 .bss.pxDelayedTaskList
                0x10004060        0x4 ./Source/FreeRTOS-Products/FreeRTOS/tasks.o
 .bss.pxOverflowDelayedTaskList
                0x10004064        0x4 ./Source/FreeRTOS-Products/FreeRTOS/tasks.o
 .bss.xPendingReadyList
                0x10004068       0x14 ./Source/FreeRTOS-Products/FreeRTOS/tasks.o
 .bss.xTasksWaitingTermination
                0x1000407c       0x14 ./Source/FreeRTOS-Products/FreeRTOS/tasks.o
 .bss.uxTasksDeleted
                0x10004090        0x4 ./Source/FreeRTOS-Products/FreeRTOS/tasks.o
 .bss.xSuspendedTaskList
                0x10004094       0x14 ./Source/FreeRTOS-Products/FreeRTOS/tasks.o
 .bss.uxCurrentNumberOfTasks
                0x100040a8        0x4 ./Source/FreeRTOS-Products/FreeRTOS/tasks.o
 .bss.xTickCount
                0x100040ac        0x4 ./Source/FreeRTOS-Products/FreeRTOS/tasks.o
 .bss.uxTopUsedPriority
                0x100040b0        0x4 ./Source/FreeRTOS-Products/FreeRTOS/tasks.o
 .bss.uxTopReadyPriority
                0x100040b4        0x4 ./Source/FreeRTOS-Products/FreeRTOS/tasks.o
 .bss.xSchedulerRunning
                0x100040b8        0x4 ./Source/FreeRTOS-Products/FreeRTOS/tasks.o
 .bss.uxSchedulerSuspended
                0x100040bc        0x4 ./Source/FreeRTOS-Products/FreeRTOS/tasks.o
 .bss.uxMissedTicks
                0x100040c0        0x4 ./Source/FreeRTOS-Products/FreeRTOS/tasks.o
 .bss.xMissedYield
                0x100040c4        0x4 ./Source/FreeRTOS-Products/FreeRTOS/tasks.o
 .bss.xNumOfOverflows
                0x100040c8        0x4 ./Source/FreeRTOS-Products/FreeRTOS/tasks.o
 .bss.uxTaskNumber
                0x100040cc        0x4 ./Source/FreeRTOS-Products/FreeRTOS/tasks.o
 .bss.ulTaskSwitchedInTime
                0x100040d0        0x4 ./Source/FreeRTOS-Products/FreeRTOS/tasks.o
 .bss.xActiveTimerList1
                0x100040d4       0x14 ./Source/FreeRTOS-Products/FreeRTOS/timers.o
 .bss.xActiveTimerList2
                0x100040e8       0x14 ./Source/FreeRTOS-Products/FreeRTOS/timers.o
 .bss.pxCurrentTimerList
                0x100040fc        0x4 ./Source/FreeRTOS-Products/FreeRTOS/timers.o
 .bss.pxOverflowTimerList
                0x10004100        0x4 ./Source/FreeRTOS-Products/FreeRTOS/timers.o
 .bss.xTimerQueue
                0x10004104        0x4 ./Source/FreeRTOS-Products/FreeRTOS/timers.o
 .bss.xLastTime.4041
                0x10004108        0x4 ./Source/FreeRTOS-Products/FreeRTOS/timers.o
 .bss.CURRENT_MODE
                0x1000410c        0x1 ./Source/main.o
                0x1000410c                CURRENT_MODE
 *fill*         0x1000410d        0x3 00
 .bss.MODE_TOGGLE_PRESSES
                0x10004110        0x4 ./Source/main.o
                0x10004110                MODE_TOGGLE_PRESSES
 .bss.LAST_TOGGLE_PRESS
                0x10004114        0x4 ./Source/main.o
                0x10004114                LAST_TOGGLE_PRESS
 .bss.TEMP_WARNING
                0x10004118        0x1 ./Source/main.o
                0x10004118                TEMP_WARNING
 .bss.ACC_WARNING
                0x10004119        0x1 ./Source/main.o
                0x10004119                ACC_WARNING
 *fill*         0x1000411a        0x2 00
 .bss.CURR_TEMP
                0x1000411c        0x4 ./Source/main.o
                0x1000411c                CURR_TEMP
 .bss.temp_counter
                0x10004120        0x4 ./Source/main.o
                0x10004120                temp_counter
 .bss.t1        0x10004124        0x4 ./Source/main.o
                0x10004124                t1
 .bss.t2        0x10004128        0x4 ./Source/main.o
                0x10004128                t2
 .bss.JOYSTICK_MODE
                0x1000412c        0x1 ./Source/main.o
                0x1000412c                JOYSTICK_MODE
 *fill*         0x1000412d        0x3 00
 .bss.ulClocksPer10thOfAMilliSecond
                0x10004130        0x4 ./Source/main.o
 .bss.i2cdat    0x10004134       0x18 C:\Users\Ryan\Desktop\Test Space\lpc17xx.cmsis.driver.library\Debug\liblpc17xx.cmsis.driver.library.a(lpc17xx_i2c.o)
 .bss           0x1000414c      0x300 C:\Users\Ryan\Desktop\Test Space\Lib_EaBaseBoard\Debug\libLib_EaBaseBoard.a(oled.o)
 .bss           0x1000444c        0x6 C:\Users\Ryan\Desktop\Test Space\Lib_EaBaseBoard\Debug\libLib_EaBaseBoard.a(pca9532.o)
 *fill*         0x10004452        0x2 00
 .bss.errno     0x10004454        0x4 c:/nxp/lpcxpresso_6.1.4_194/lpcxpresso/tools/bin/../lib/gcc/arm-none-eabi/4.6.2/../../../../arm-none-eabi/lib/armv7-m\libcr_c.a(errno.o)
                0x10004454                errno
 *(COMMON)
 COMMON         0x10004458        0xf ./Source/Helper_Functions/create_tasks.o
                0x10004458                output
 *fill*         0x10004467        0x1 00
 COMMON         0x10004468        0x4 ./Source/Helper_Functions/init_interfaces.o
                0x10004468                receivedCommand
 COMMON         0x1000446c        0x1 ./Source/Helper_Functions/return_tasks.o
                0x1000446c                OBST_WARNING
 *fill*         0x1000446d        0x3 00
 COMMON         0x10004470        0x4 ./Source/Helper_Functions/stationary_tasks.o
                0x10004470                countdown_timer
 COMMON         0x10004474       0x54 ./Source/main.o
                0x10004474                curr_temp_state
                0x10004478                enter_launch_handle
                0x1000447c                blink_blue_handle
                0x10004480                blink_blue_and_red_handle
                0x10004484                last_temp_state
                0x10004488                send_NUSCloud_handle
                0x1000448c                light_sensor_handle
                0x10004490                switch_to_stationary_handle
                0x10004494                countdown_handle
                0x10004498                blink_red_handle
                0x1000449c                CURR_TOGGLE_PRESS
                0x100044a0                temperature_stationary_handle
                0x100044a4                launch_mode_monitoring_handle
                0x100044a8                begin_countdown_handle
                0x100044ac                enter_return_handle
                0x100044b0                joystick_handle
                0x100044b4                accel_warning_handle
                0x100044b8                switch_to_return_handle
                0x100044bc                temp_warning_launch_handle
                0x100044c0                temp_warning_stationary_handle
                0x100044c4                enter_stationary_handle
 COMMON         0x100044c8        0x4 c:/nxp/lpcxpresso_6.1.4_194/lpcxpresso/tools/bin/../lib/gcc/arm-none-eabi/4.6.2/../../../../arm-none-eabi/lib/armv7-m\libcr_c.a(initio.o)
                0x100044c8                _extra
 COMMON         0x100044cc      0x140 c:/nxp/lpcxpresso_6.1.4_194/lpcxpresso/tools/bin/../lib/gcc/arm-none-eabi/4.6.2/../../../../arm-none-eabi/lib/armv7-m\libcr_c.a(stdio.o)
                0x100044cc                __Ciob
 COMMON         0x1000460c        0x8 c:/nxp/lpcxpresso_6.1.4_194/lpcxpresso/tools/bin/../lib/gcc/arm-none-eabi/4.6.2/../../../../arm-none-eabi/lib/armv7-m\libcr_c.a(__init_alloc.o)
                0x1000460c                __heaps
                0x10004610                __end_of_heap
                0x10004614                . = ALIGN (0x4)
                0x10004614                _ebss = .
                0x10004614                PROVIDE (end, .)

.noinit_RAM2    0x2007c000        0x0
 *(.noinit.$RAM2*)
 *(.noinit.$RamAHB32*)
                0x2007c000                . = ALIGN (0x4)

.noinit         0x10004614        0x0
                0x10004614                _noinit = .
 *(.noinit*)
                0x10004614                . = ALIGN (0x4)
                0x10004614                _end_noinit = .
                0x10004614                PROVIDE (_pvHeapStart, .)
                0x10008000                PROVIDE (_vStackTop, (__top_RamLoc32 - 0x0))
OUTPUT(Assignment2.axf elf32-littlearm)

.debug_info     0x00000000     0xe3c0
 .debug_info    0x00000000      0x6d8 ./Source/Helper_Functions/create_tasks.o
 .debug_info    0x000006d8      0xf2c ./Source/Helper_Functions/init_interfaces.o
 .debug_info    0x00001604      0x8e8 ./Source/Helper_Functions/launch_tasks.o
 .debug_info    0x00001eec      0x188 ./Source/Helper_Functions/my_rgb.o
 .debug_info    0x00002074      0x8a5 ./Source/Helper_Functions/my_uart.o
 .debug_info    0x00002919      0x149 ./Source/Helper_Functions/oled_helpers.o
 .debug_info    0x00002a62      0x6aa ./Source/Helper_Functions/return_tasks.o
 .debug_info    0x0000310c      0x893 ./Source/Helper_Functions/stationary_tasks.o
 .debug_info    0x0000399f      0x2d0 ./Source/FreeRTOS-Products/FreeRTOS/portable/MemMang/heap_2.o
 .debug_info    0x00003c6f      0x258 ./Source/FreeRTOS-Products/FreeRTOS/portable/GCC/ARM_CM3/port.o
 .debug_info    0x00003ec7      0x4dc ./Source/FreeRTOS-Products/FreeRTOS/croutine.o
 .debug_info    0x000043a3      0x2b2 ./Source/FreeRTOS-Products/FreeRTOS/list.o
 .debug_info    0x00004655      0xaaa ./Source/FreeRTOS-Products/FreeRTOS/queue.o
 .debug_info    0x000050ff     0x1285 ./Source/FreeRTOS-Products/FreeRTOS/tasks.o
 .debug_info    0x00006384      0x765 ./Source/FreeRTOS-Products/FreeRTOS/timers.o
 .debug_info    0x00006ae9      0x38b ./Source/cr_startup_lpc176x.o
 .debug_info    0x00006e74      0xf64 ./Source/main.o
 .debug_info    0x00007dd8      0xe30 C:\Users\Ryan\Desktop\Test Space\lpc17xx.cmsis.driver.library\Debug\liblpc17xx.cmsis.driver.library.a(lpc17xx_gpio.o)
 .debug_info    0x00008c08      0xdba C:\Users\Ryan\Desktop\Test Space\lpc17xx.cmsis.driver.library\Debug\liblpc17xx.cmsis.driver.library.a(lpc17xx_i2c.o)
 .debug_info    0x000099c2      0x4b9 C:\Users\Ryan\Desktop\Test Space\lpc17xx.cmsis.driver.library\Debug\liblpc17xx.cmsis.driver.library.a(lpc17xx_pinsel.o)
 .debug_info    0x00009e7b      0x78c C:\Users\Ryan\Desktop\Test Space\lpc17xx.cmsis.driver.library\Debug\liblpc17xx.cmsis.driver.library.a(lpc17xx_ssp.o)
 .debug_info    0x0000a607     0x12d6 C:\Users\Ryan\Desktop\Test Space\lpc17xx.cmsis.driver.library\Debug\liblpc17xx.cmsis.driver.library.a(lpc17xx_uart.o)
 .debug_info    0x0000b8dd      0x6d7 C:\Users\Ryan\Desktop\Test Space\lpc17xx.cmsis.driver.library\Debug\liblpc17xx.cmsis.driver.library.a(lpc17xx_clkpwr.o)
 .debug_info    0x0000bfb4      0x548 C:\Users\Ryan\Desktop\Test Space\Lib_EaBaseBoard\Debug\libLib_EaBaseBoard.a(acc.o)
 .debug_info    0x0000c4fc      0x11a C:\Users\Ryan\Desktop\Test Space\Lib_EaBaseBoard\Debug\libLib_EaBaseBoard.a(joystick.o)
 .debug_info    0x0000c616      0x280 C:\Users\Ryan\Desktop\Test Space\Lib_EaBaseBoard\Debug\libLib_EaBaseBoard.a(led7seg.o)
 .debug_info    0x0000c896      0x76e C:\Users\Ryan\Desktop\Test Space\Lib_EaBaseBoard\Debug\libLib_EaBaseBoard.a(light.o)
 .debug_info    0x0000d004      0x97b C:\Users\Ryan\Desktop\Test Space\Lib_EaBaseBoard\Debug\libLib_EaBaseBoard.a(oled.o)
 .debug_info    0x0000d97f      0x64d C:\Users\Ryan\Desktop\Test Space\Lib_EaBaseBoard\Debug\libLib_EaBaseBoard.a(pca9532.o)
 .debug_info    0x0000dfcc       0x65 C:\Users\Ryan\Desktop\Test Space\Lib_EaBaseBoard\Debug\libLib_EaBaseBoard.a(font5x7.o)
 .debug_info    0x0000e031      0x38f C:\Users\Ryan\Desktop\Test Space\CMSISv2p00_LPC17xx\Debug\libCMSISv2p00_LPC17xx.a(system_LPC17xx.o)

.debug_abbrev   0x00000000     0x2c0e
 .debug_abbrev  0x00000000      0x15b ./Source/Helper_Functions/create_tasks.o
 .debug_abbrev  0x0000015b      0x251 ./Source/Helper_Functions/init_interfaces.o
 .debug_abbrev  0x000003ac      0x1bd ./Source/Helper_Functions/launch_tasks.o
 .debug_abbrev  0x00000569       0xaa ./Source/Helper_Functions/my_rgb.o
 .debug_abbrev  0x00000613      0x1c1 ./Source/Helper_Functions/my_uart.o
 .debug_abbrev  0x000007d4       0xba ./Source/Helper_Functions/oled_helpers.o
 .debug_abbrev  0x0000088e      0x19c ./Source/Helper_Functions/return_tasks.o
 .debug_abbrev  0x00000a2a      0x18b ./Source/Helper_Functions/stationary_tasks.o
 .debug_abbrev  0x00000bb5      0x171 ./Source/FreeRTOS-Products/FreeRTOS/portable/MemMang/heap_2.o
 .debug_abbrev  0x00000d26      0x176 ./Source/FreeRTOS-Products/FreeRTOS/portable/GCC/ARM_CM3/port.o
 .debug_abbrev  0x00000e9c      0x18a ./Source/FreeRTOS-Products/FreeRTOS/croutine.o
 .debug_abbrev  0x00001026       0xbc ./Source/FreeRTOS-Products/FreeRTOS/list.o
 .debug_abbrev  0x000010e2      0x139 ./Source/FreeRTOS-Products/FreeRTOS/queue.o
 .debug_abbrev  0x0000121b      0x19a ./Source/FreeRTOS-Products/FreeRTOS/tasks.o
 .debug_abbrev  0x000013b5      0x134 ./Source/FreeRTOS-Products/FreeRTOS/timers.o
 .debug_abbrev  0x000014e9      0x141 ./Source/cr_startup_lpc176x.o
 .debug_abbrev  0x0000162a      0x257 ./Source/main.o
 .debug_abbrev  0x00001881      0x1cb C:\Users\Ryan\Desktop\Test Space\lpc17xx.cmsis.driver.library\Debug\liblpc17xx.cmsis.driver.library.a(lpc17xx_gpio.o)
 .debug_abbrev  0x00001a4c      0x21a C:\Users\Ryan\Desktop\Test Space\lpc17xx.cmsis.driver.library\Debug\liblpc17xx.cmsis.driver.library.a(lpc17xx_i2c.o)
 .debug_abbrev  0x00001c66      0x11f C:\Users\Ryan\Desktop\Test Space\lpc17xx.cmsis.driver.library\Debug\liblpc17xx.cmsis.driver.library.a(lpc17xx_pinsel.o)
 .debug_abbrev  0x00001d85      0x19d C:\Users\Ryan\Desktop\Test Space\lpc17xx.cmsis.driver.library\Debug\liblpc17xx.cmsis.driver.library.a(lpc17xx_ssp.o)
 .debug_abbrev  0x00001f22      0x1d0 C:\Users\Ryan\Desktop\Test Space\lpc17xx.cmsis.driver.library\Debug\liblpc17xx.cmsis.driver.library.a(lpc17xx_uart.o)
 .debug_abbrev  0x000020f2      0x197 C:\Users\Ryan\Desktop\Test Space\lpc17xx.cmsis.driver.library\Debug\liblpc17xx.cmsis.driver.library.a(lpc17xx_clkpwr.o)
 .debug_abbrev  0x00002289      0x15c C:\Users\Ryan\Desktop\Test Space\Lib_EaBaseBoard\Debug\libLib_EaBaseBoard.a(acc.o)
 .debug_abbrev  0x000023e5       0x90 C:\Users\Ryan\Desktop\Test Space\Lib_EaBaseBoard\Debug\libLib_EaBaseBoard.a(joystick.o)
 .debug_abbrev  0x00002475      0x129 C:\Users\Ryan\Desktop\Test Space\Lib_EaBaseBoard\Debug\libLib_EaBaseBoard.a(led7seg.o)
 .debug_abbrev  0x0000259e      0x1bd C:\Users\Ryan\Desktop\Test Space\Lib_EaBaseBoard\Debug\libLib_EaBaseBoard.a(light.o)
 .debug_abbrev  0x0000275b      0x1db C:\Users\Ryan\Desktop\Test Space\Lib_EaBaseBoard\Debug\libLib_EaBaseBoard.a(oled.o)
 .debug_abbrev  0x00002936      0x1aa C:\Users\Ryan\Desktop\Test Space\Lib_EaBaseBoard\Debug\libLib_EaBaseBoard.a(pca9532.o)
 .debug_abbrev  0x00002ae0       0x4b C:\Users\Ryan\Desktop\Test Space\Lib_EaBaseBoard\Debug\libLib_EaBaseBoard.a(font5x7.o)
 .debug_abbrev  0x00002b2b       0xe3 C:\Users\Ryan\Desktop\Test Space\CMSISv2p00_LPC17xx\Debug\libCMSISv2p00_LPC17xx.a(system_LPC17xx.o)

.debug_loc      0x00000000     0x4a5e
 .debug_loc     0x00000000       0xa8 ./Source/Helper_Functions/create_tasks.o
 .debug_loc     0x000000a8      0x246 ./Source/Helper_Functions/init_interfaces.o
 .debug_loc     0x000002ee      0x1b4 ./Source/Helper_Functions/launch_tasks.o
 .debug_loc     0x000004a2       0xe8 ./Source/Helper_Functions/my_rgb.o
 .debug_loc     0x0000058a      0x144 ./Source/Helper_Functions/my_uart.o
 .debug_loc     0x000006ce       0x70 ./Source/Helper_Functions/oled_helpers.o
 .debug_loc     0x0000073e       0xe0 ./Source/Helper_Functions/return_tasks.o
 .debug_loc     0x0000081e      0x150 ./Source/Helper_Functions/stationary_tasks.o
 .debug_loc     0x0000096e       0xc8 ./Source/FreeRTOS-Products/FreeRTOS/portable/MemMang/heap_2.o
 .debug_loc     0x00000a36      0x16c ./Source/FreeRTOS-Products/FreeRTOS/portable/GCC/ARM_CM3/port.o
 .debug_loc     0x00000ba2      0x188 ./Source/FreeRTOS-Products/FreeRTOS/croutine.o
 .debug_loc     0x00000d2a      0x118 ./Source/FreeRTOS-Products/FreeRTOS/list.o
 .debug_loc     0x00000e42      0x5e8 ./Source/FreeRTOS-Products/FreeRTOS/queue.o
 .debug_loc     0x0000142a      0x9aa ./Source/FreeRTOS-Products/FreeRTOS/tasks.o
 .debug_loc     0x00001dd4      0x304 ./Source/FreeRTOS-Products/FreeRTOS/timers.o
 .debug_loc     0x000020d8      0x20e ./Source/cr_startup_lpc176x.o
 .debug_loc     0x000022e6      0x2c8 ./Source/main.o
 .debug_loc     0x000025ae      0x620 C:\Users\Ryan\Desktop\Test Space\lpc17xx.cmsis.driver.library\Debug\liblpc17xx.cmsis.driver.library.a(lpc17xx_gpio.o)
 .debug_loc     0x00002bce      0x508 C:\Users\Ryan\Desktop\Test Space\lpc17xx.cmsis.driver.library\Debug\liblpc17xx.cmsis.driver.library.a(lpc17xx_i2c.o)
 .debug_loc     0x000030d6      0x150 C:\Users\Ryan\Desktop\Test Space\lpc17xx.cmsis.driver.library\Debug\liblpc17xx.cmsis.driver.library.a(lpc17xx_pinsel.o)
 .debug_loc     0x00003226      0x3f0 C:\Users\Ryan\Desktop\Test Space\lpc17xx.cmsis.driver.library\Debug\liblpc17xx.cmsis.driver.library.a(lpc17xx_ssp.o)
 .debug_loc     0x00003616      0x65a C:\Users\Ryan\Desktop\Test Space\lpc17xx.cmsis.driver.library\Debug\liblpc17xx.cmsis.driver.library.a(lpc17xx_uart.o)
 .debug_loc     0x00003c70      0x190 C:\Users\Ryan\Desktop\Test Space\lpc17xx.cmsis.driver.library\Debug\liblpc17xx.cmsis.driver.library.a(lpc17xx_clkpwr.o)
 .debug_loc     0x00003e00      0x1f0 C:\Users\Ryan\Desktop\Test Space\Lib_EaBaseBoard\Debug\libLib_EaBaseBoard.a(acc.o)
 .debug_loc     0x00003ff0       0x64 C:\Users\Ryan\Desktop\Test Space\Lib_EaBaseBoard\Debug\libLib_EaBaseBoard.a(joystick.o)
 .debug_loc     0x00004054       0x64 C:\Users\Ryan\Desktop\Test Space\Lib_EaBaseBoard\Debug\libLib_EaBaseBoard.a(led7seg.o)
 .debug_loc     0x000040b8      0x378 C:\Users\Ryan\Desktop\Test Space\Lib_EaBaseBoard\Debug\libLib_EaBaseBoard.a(light.o)
 .debug_loc     0x00004430      0x33e C:\Users\Ryan\Desktop\Test Space\Lib_EaBaseBoard\Debug\libLib_EaBaseBoard.a(oled.o)
 .debug_loc     0x0000476e      0x2d0 C:\Users\Ryan\Desktop\Test Space\Lib_EaBaseBoard\Debug\libLib_EaBaseBoard.a(pca9532.o)
 .debug_loc     0x00004a3e       0x20 C:\Users\Ryan\Desktop\Test Space\CMSISv2p00_LPC17xx\Debug\libCMSISv2p00_LPC17xx.a(system_LPC17xx.o)

.debug_aranges  0x00000000      0xe08
 .debug_aranges
                0x00000000       0x30 ./Source/Helper_Functions/create_tasks.o
 .debug_aranges
                0x00000030       0x70 ./Source/Helper_Functions/init_interfaces.o
 .debug_aranges
                0x000000a0       0x58 ./Source/Helper_Functions/launch_tasks.o
 .debug_aranges
                0x000000f8       0x40 ./Source/Helper_Functions/my_rgb.o
 .debug_aranges
                0x00000138       0x48 ./Source/Helper_Functions/my_uart.o
 .debug_aranges
                0x00000180       0x28 ./Source/Helper_Functions/oled_helpers.o
 .debug_aranges
                0x000001a8       0x38 ./Source/Helper_Functions/return_tasks.o
 .debug_aranges
                0x000001e0       0x48 ./Source/Helper_Functions/stationary_tasks.o
 .debug_aranges
                0x00000228       0x38 ./Source/FreeRTOS-Products/FreeRTOS/portable/MemMang/heap_2.o
 .debug_aranges
                0x00000260       0x80 ./Source/FreeRTOS-Products/FreeRTOS/portable/GCC/ARM_CM3/port.o
 .debug_aranges
                0x000002e0       0x50 ./Source/FreeRTOS-Products/FreeRTOS/croutine.o
 .debug_aranges
                0x00000330       0x40 ./Source/FreeRTOS-Products/FreeRTOS/list.o
 .debug_aranges
                0x00000370       0xf0 ./Source/FreeRTOS-Products/FreeRTOS/queue.o
 .debug_aranges
                0x00000460      0x180 ./Source/FreeRTOS-Products/FreeRTOS/tasks.o
 .debug_aranges
                0x000005e0       0x88 ./Source/FreeRTOS-Products/FreeRTOS/timers.o
 .debug_aranges
                0x00000668       0x88 ./Source/cr_startup_lpc176x.o
 .debug_aranges
                0x000006f0       0x88 ./Source/main.o
 .debug_aranges
                0x00000778       0xf8 C:\Users\Ryan\Desktop\Test Space\lpc17xx.cmsis.driver.library\Debug\liblpc17xx.cmsis.driver.library.a(lpc17xx_gpio.o)
 .debug_aranges
                0x00000870       0xd0 C:\Users\Ryan\Desktop\Test Space\lpc17xx.cmsis.driver.library\Debug\liblpc17xx.cmsis.driver.library.a(lpc17xx_i2c.o)
 .debug_aranges
                0x00000940       0x48 C:\Users\Ryan\Desktop\Test Space\lpc17xx.cmsis.driver.library\Debug\liblpc17xx.cmsis.driver.library.a(lpc17xx_pinsel.o)
 .debug_aranges
                0x00000988       0xa8 C:\Users\Ryan\Desktop\Test Space\lpc17xx.cmsis.driver.library\Debug\liblpc17xx.cmsis.driver.library.a(lpc17xx_ssp.o)
 .debug_aranges
                0x00000a30      0x100 C:\Users\Ryan\Desktop\Test Space\lpc17xx.cmsis.driver.library\Debug\liblpc17xx.cmsis.driver.library.a(lpc17xx_uart.o)
 .debug_aranges
                0x00000b30       0x58 C:\Users\Ryan\Desktop\Test Space\lpc17xx.cmsis.driver.library\Debug\liblpc17xx.cmsis.driver.library.a(lpc17xx_clkpwr.o)
 .debug_aranges
                0x00000b88       0x60 C:\Users\Ryan\Desktop\Test Space\Lib_EaBaseBoard\Debug\libLib_EaBaseBoard.a(acc.o)
 .debug_aranges
                0x00000be8       0x28 C:\Users\Ryan\Desktop\Test Space\Lib_EaBaseBoard\Debug\libLib_EaBaseBoard.a(joystick.o)
 .debug_aranges
                0x00000c10       0x28 C:\Users\Ryan\Desktop\Test Space\Lib_EaBaseBoard\Debug\libLib_EaBaseBoard.a(led7seg.o)
 .debug_aranges
                0x00000c38       0x98 C:\Users\Ryan\Desktop\Test Space\Lib_EaBaseBoard\Debug\libLib_EaBaseBoard.a(light.o)
 .debug_aranges
                0x00000cd0       0x90 C:\Users\Ryan\Desktop\Test Space\Lib_EaBaseBoard\Debug\libLib_EaBaseBoard.a(oled.o)
 .debug_aranges
                0x00000d60       0x80 C:\Users\Ryan\Desktop\Test Space\Lib_EaBaseBoard\Debug\libLib_EaBaseBoard.a(pca9532.o)
 .debug_aranges
                0x00000de0       0x28 C:\Users\Ryan\Desktop\Test Space\CMSISv2p00_LPC17xx\Debug\libCMSISv2p00_LPC17xx.a(system_LPC17xx.o)

.debug_ranges   0x00000000      0xc28
 .debug_ranges  0x00000000       0x20 ./Source/Helper_Functions/create_tasks.o
 .debug_ranges  0x00000020       0x60 ./Source/Helper_Functions/init_interfaces.o
 .debug_ranges  0x00000080       0x48 ./Source/Helper_Functions/launch_tasks.o
 .debug_ranges  0x000000c8       0x30 ./Source/Helper_Functions/my_rgb.o
 .debug_ranges  0x000000f8       0x38 ./Source/Helper_Functions/my_uart.o
 .debug_ranges  0x00000130       0x18 ./Source/Helper_Functions/oled_helpers.o
 .debug_ranges  0x00000148       0x28 ./Source/Helper_Functions/return_tasks.o
 .debug_ranges  0x00000170       0x38 ./Source/Helper_Functions/stationary_tasks.o
 .debug_ranges  0x000001a8       0x28 ./Source/FreeRTOS-Products/FreeRTOS/portable/MemMang/heap_2.o
 .debug_ranges  0x000001d0       0x70 ./Source/FreeRTOS-Products/FreeRTOS/portable/GCC/ARM_CM3/port.o
 .debug_ranges  0x00000240       0x40 ./Source/FreeRTOS-Products/FreeRTOS/croutine.o
 .debug_ranges  0x00000280       0x30 ./Source/FreeRTOS-Products/FreeRTOS/list.o
 .debug_ranges  0x000002b0       0xe0 ./Source/FreeRTOS-Products/FreeRTOS/queue.o
 .debug_ranges  0x00000390      0x170 ./Source/FreeRTOS-Products/FreeRTOS/tasks.o
 .debug_ranges  0x00000500       0x78 ./Source/FreeRTOS-Products/FreeRTOS/timers.o
 .debug_ranges  0x00000578       0x78 ./Source/cr_startup_lpc176x.o
 .debug_ranges  0x000005f0       0x78 ./Source/main.o
 .debug_ranges  0x00000668       0xe8 C:\Users\Ryan\Desktop\Test Space\lpc17xx.cmsis.driver.library\Debug\liblpc17xx.cmsis.driver.library.a(lpc17xx_gpio.o)
 .debug_ranges  0x00000750       0xc0 C:\Users\Ryan\Desktop\Test Space\lpc17xx.cmsis.driver.library\Debug\liblpc17xx.cmsis.driver.library.a(lpc17xx_i2c.o)
 .debug_ranges  0x00000810       0x38 C:\Users\Ryan\Desktop\Test Space\lpc17xx.cmsis.driver.library\Debug\liblpc17xx.cmsis.driver.library.a(lpc17xx_pinsel.o)
 .debug_ranges  0x00000848       0x98 C:\Users\Ryan\Desktop\Test Space\lpc17xx.cmsis.driver.library\Debug\liblpc17xx.cmsis.driver.library.a(lpc17xx_ssp.o)
 .debug_ranges  0x000008e0       0xf0 C:\Users\Ryan\Desktop\Test Space\lpc17xx.cmsis.driver.library\Debug\liblpc17xx.cmsis.driver.library.a(lpc17xx_uart.o)
 .debug_ranges  0x000009d0       0x48 C:\Users\Ryan\Desktop\Test Space\lpc17xx.cmsis.driver.library\Debug\liblpc17xx.cmsis.driver.library.a(lpc17xx_clkpwr.o)
 .debug_ranges  0x00000a18       0x50 C:\Users\Ryan\Desktop\Test Space\Lib_EaBaseBoard\Debug\libLib_EaBaseBoard.a(acc.o)
 .debug_ranges  0x00000a68       0x18 C:\Users\Ryan\Desktop\Test Space\Lib_EaBaseBoard\Debug\libLib_EaBaseBoard.a(joystick.o)
 .debug_ranges  0x00000a80       0x18 C:\Users\Ryan\Desktop\Test Space\Lib_EaBaseBoard\Debug\libLib_EaBaseBoard.a(led7seg.o)
 .debug_ranges  0x00000a98       0x88 C:\Users\Ryan\Desktop\Test Space\Lib_EaBaseBoard\Debug\libLib_EaBaseBoard.a(light.o)
 .debug_ranges  0x00000b20       0x80 C:\Users\Ryan\Desktop\Test Space\Lib_EaBaseBoard\Debug\libLib_EaBaseBoard.a(oled.o)
 .debug_ranges  0x00000ba0       0x70 C:\Users\Ryan\Desktop\Test Space\Lib_EaBaseBoard\Debug\libLib_EaBaseBoard.a(pca9532.o)
 .debug_ranges  0x00000c10       0x18 C:\Users\Ryan\Desktop\Test Space\CMSISv2p00_LPC17xx\Debug\libCMSISv2p00_LPC17xx.a(system_LPC17xx.o)

.debug_line     0x00000000     0xc588
 .debug_line    0x00000000      0x688 ./Source/Helper_Functions/create_tasks.o
 .debug_line    0x00000688      0x6c3 ./Source/Helper_Functions/init_interfaces.o
 .debug_line    0x00000d4b      0x7f2 ./Source/Helper_Functions/launch_tasks.o
 .debug_line    0x0000153d      0x4c4 ./Source/Helper_Functions/my_rgb.o
 .debug_line    0x00001a01      0x513 ./Source/Helper_Functions/my_uart.o
 .debug_line    0x00001f14      0x44b ./Source/Helper_Functions/oled_helpers.o
 .debug_line    0x0000235f      0x73b ./Source/Helper_Functions/return_tasks.o
 .debug_line    0x00002a9a      0x79c ./Source/Helper_Functions/stationary_tasks.o
 .debug_line    0x00003236      0x537 ./Source/FreeRTOS-Products/FreeRTOS/portable/MemMang/heap_2.o
 .debug_line    0x0000376d      0x57e ./Source/FreeRTOS-Products/FreeRTOS/portable/GCC/ARM_CM3/port.o
 .debug_line    0x00003ceb      0x5b6 ./Source/FreeRTOS-Products/FreeRTOS/croutine.o
 .debug_line    0x000042a1      0x4f7 ./Source/FreeRTOS-Products/FreeRTOS/list.o
 .debug_line    0x00004798      0x93c ./Source/FreeRTOS-Products/FreeRTOS/queue.o
 .debug_line    0x000050d4      0xcaf ./Source/FreeRTOS-Products/FreeRTOS/tasks.o
 .debug_line    0x00005d83      0x67a ./Source/FreeRTOS-Products/FreeRTOS/timers.o